<!doctype html public "-//w3c//dtd html 4.0 transitional//en">
<html><head>
<title>Static Call Graph - [.\CubeMX\senior-project.axf]</title></head>
<body><HR>
<H1>Static Call Graph for image .\CubeMX\senior-project.axf</H1><HR>
<BR><P>#&#060CALLGRAPH&#062# ARM Linker, 6120001: Last Updated: Tue Jul 23 16:29:39 2019
<BR><P>
<H3>Maximum Stack Usage =        416 bytes + Unknown(Cycles, Untraceable Function Pointers)</H3><H3>
Call chain for Maximum Stack Depth:</H3>
main &rArr; GPS_subroutine &rArr; GPS_getNMEA &rArr; CC_SendData
<P>
<H3>
Mutually Recursive functions
</H3> <LI><a href="#[11]">ADC1_COMP_IRQHandler</a>&nbsp;&nbsp;&nbsp;&rArr;&nbsp;&nbsp;&nbsp;<a href="#[11]">ADC1_COMP_IRQHandler</a><BR>
 <LI><a href="#[2]">HardFault_Handler</a>&nbsp;&nbsp;&nbsp;&rArr;&nbsp;&nbsp;&nbsp;<a href="#[2]">HardFault_Handler</a><BR>
</UL>
<P>
<H3>
Function Pointers
</H3><UL>
 <LI><a href="#[11]">ADC1_COMP_IRQHandler</a> from startup_stm32l011xx.o(.text) referenced from startup_stm32l011xx.o(RESET)
 <LI><a href="#[e]">DMA1_Channel1_IRQHandler</a> from startup_stm32l011xx.o(.text) referenced from startup_stm32l011xx.o(RESET)
 <LI><a href="#[f]">DMA1_Channel2_3_IRQHandler</a> from startup_stm32l011xx.o(.text) referenced from startup_stm32l011xx.o(RESET)
 <LI><a href="#[10]">DMA1_Channel4_5_IRQHandler</a> from startup_stm32l011xx.o(.text) referenced from startup_stm32l011xx.o(RESET)
 <LI><a href="#[b]">EXTI0_1_IRQHandler</a> from startup_stm32l011xx.o(.text) referenced from startup_stm32l011xx.o(RESET)
 <LI><a href="#[c]">EXTI2_3_IRQHandler</a> from startup_stm32l011xx.o(.text) referenced from startup_stm32l011xx.o(RESET)
 <LI><a href="#[d]">EXTI4_15_IRQHandler</a> from startup_stm32l011xx.o(.text) referenced from startup_stm32l011xx.o(RESET)
 <LI><a href="#[9]">FLASH_IRQHandler</a> from startup_stm32l011xx.o(.text) referenced from startup_stm32l011xx.o(RESET)
 <LI><a href="#[1c]">FLASH_writeWord</a> from flash.o(.text.FLASH_writeWord) referenced from flash.o(.text.FLASH_saveFix)
 <LI><a href="#[2]">HardFault_Handler</a> from stm32l0xx_it.o(.text.HardFault_Handler) referenced from startup_stm32l011xx.o(RESET)
 <LI><a href="#[15]">I2C1_IRQHandler</a> from startup_stm32l011xx.o(.text) referenced from startup_stm32l011xx.o(RESET)
 <LI><a href="#[1e]">LL_GPIO_Init</a> from stm32l0xx_ll_gpio.o(.text.LL_GPIO_Init) referenced from main.o(.text.main)
 <LI><a href="#[1d]">LL_IOP_GRP1_EnableClock</a> from main.o(.text.LL_IOP_GRP1_EnableClock) referenced from main.o(.text.main)
 <LI><a href="#[12]">LPTIM1_IRQHandler</a> from startup_stm32l011xx.o(.text) referenced from startup_stm32l011xx.o(RESET)
 <LI><a href="#[18]">LPUART1_IRQHandler</a> from stm32l0xx_it.o(.text.LPUART1_IRQHandler) referenced from startup_stm32l011xx.o(RESET)
 <LI><a href="#[1]">NMI_Handler</a> from stm32l0xx_it.o(.text.NMI_Handler) referenced from startup_stm32l011xx.o(RESET)
 <LI><a href="#[7]">PVD_IRQHandler</a> from startup_stm32l011xx.o(.text) referenced from startup_stm32l011xx.o(RESET)
 <LI><a href="#[4]">PendSV_Handler</a> from stm32l0xx_it.o(.text.PendSV_Handler) referenced from startup_stm32l011xx.o(RESET)
 <LI><a href="#[a]">RCC_IRQHandler</a> from startup_stm32l011xx.o(.text) referenced from startup_stm32l011xx.o(RESET)
 <LI><a href="#[8]">RTC_IRQHandler</a> from stm32l0xx_it.o(.text.RTC_IRQHandler) referenced from startup_stm32l011xx.o(RESET)
 <LI><a href="#[0]">Reset_Handler</a> from startup_stm32l011xx.o(.text) referenced from startup_stm32l011xx.o(RESET)
 <LI><a href="#[16]">SPI1_IRQHandler</a> from startup_stm32l011xx.o(.text) referenced from startup_stm32l011xx.o(RESET)
 <LI><a href="#[3]">SVC_Handler</a> from stm32l0xx_it.o(.text.SVC_Handler) referenced from startup_stm32l011xx.o(RESET)
 <LI><a href="#[5]">SysTick_Handler</a> from stm32l0xx_it.o(.text.SysTick_Handler) referenced from startup_stm32l011xx.o(RESET)
 <LI><a href="#[1a]">SystemInit</a> from system_stm32l0xx.o(.text.SystemInit) referenced from startup_stm32l011xx.o(.text)
 <LI><a href="#[14]">TIM21_IRQHandler</a> from startup_stm32l011xx.o(.text) referenced from startup_stm32l011xx.o(RESET)
 <LI><a href="#[13]">TIM2_IRQHandler</a> from startup_stm32l011xx.o(.text) referenced from startup_stm32l011xx.o(RESET)
 <LI><a href="#[17]">USART2_IRQHandler</a> from stm32l0xx_it.o(.text.USART2_IRQHandler) referenced from startup_stm32l011xx.o(RESET)
 <LI><a href="#[6]">WWDG_IRQHandler</a> from startup_stm32l011xx.o(.text) referenced from startup_stm32l011xx.o(RESET)
 <LI><a href="#[1b]">__main</a> from entry.o(.ARM.Collect$$$$00000000) referenced from startup_stm32l011xx.o(.text)
 <LI><a href="#[19]">main</a> from main.o(.text.main) referenced from entry9a.o(.ARM.Collect$$$$0000000B)
</UL>
<P>
<H3>
Global Symbols
</H3>
<P><STRONG><a name="[1b]"></a>__main</STRONG> (Thumb, 0 bytes, Stack size unknown bytes, entry.o(.ARM.Collect$$$$00000000))
<BR>[Address Reference Count : 1]<UL><LI> startup_stm32l011xx.o(.text)
</UL>
<P><STRONG><a name="[4f]"></a>_main_stk</STRONG> (Thumb, 0 bytes, Stack size unknown bytes, entry2.o(.ARM.Collect$$$$00000001))

<P><STRONG><a name="[1f]"></a>_main_scatterload</STRONG> (Thumb, 0 bytes, Stack size unknown bytes, entry5.o(.ARM.Collect$$$$00000004))
<BR><BR>[Calls]<UL><LI><a href="#[20]">&gt;&gt;</a>&nbsp;&nbsp;&nbsp;__scatterload
</UL>

<P><STRONG><a name="[27]"></a>__main_after_scatterload</STRONG> (Thumb, 0 bytes, Stack size unknown bytes, entry5.o(.ARM.Collect$$$$00000004))
<BR><BR>[Called By]<UL><LI><a href="#[20]">&gt;&gt;</a>&nbsp;&nbsp;&nbsp;__scatterload
</UL>

<P><STRONG><a name="[50]"></a>_main_clock</STRONG> (Thumb, 0 bytes, Stack size unknown bytes, entry7b.o(.ARM.Collect$$$$00000008))

<P><STRONG><a name="[51]"></a>_main_cpp_init</STRONG> (Thumb, 0 bytes, Stack size unknown bytes, entry8b.o(.ARM.Collect$$$$0000000A))

<P><STRONG><a name="[52]"></a>_main_init</STRONG> (Thumb, 0 bytes, Stack size unknown bytes, entry9a.o(.ARM.Collect$$$$0000000B))

<P><STRONG><a name="[53]"></a>__rt_final_cpp</STRONG> (Thumb, 0 bytes, Stack size unknown bytes, entry10a.o(.ARM.Collect$$$$0000000D))

<P><STRONG><a name="[54]"></a>__rt_final_exit</STRONG> (Thumb, 0 bytes, Stack size unknown bytes, entry11a.o(.ARM.Collect$$$$0000000F))

<P><STRONG><a name="[0]"></a>Reset_Handler</STRONG> (Thumb, 38 bytes, Stack size 0 bytes, startup_stm32l011xx.o(.text))
<BR>[Address Reference Count : 1]<UL><LI> startup_stm32l011xx.o(RESET)
</UL>
<P><STRONG><a name="[11]"></a>ADC1_COMP_IRQHandler</STRONG> (Thumb, 0 bytes, Stack size 0 bytes, startup_stm32l011xx.o(.text))
<BR><BR>[Calls]<UL><LI><a href="#[11]">&gt;&gt;</a>&nbsp;&nbsp;&nbsp;ADC1_COMP_IRQHandler
</UL>
<BR>[Called By]<UL><LI><a href="#[11]">&gt;&gt;</a>&nbsp;&nbsp;&nbsp;ADC1_COMP_IRQHandler
</UL>
<BR>[Address Reference Count : 1]<UL><LI> startup_stm32l011xx.o(RESET)
</UL>
<P><STRONG><a name="[e]"></a>DMA1_Channel1_IRQHandler</STRONG> (Thumb, 0 bytes, Stack size 0 bytes, startup_stm32l011xx.o(.text))
<BR>[Address Reference Count : 1]<UL><LI> startup_stm32l011xx.o(RESET)
</UL>
<P><STRONG><a name="[f]"></a>DMA1_Channel2_3_IRQHandler</STRONG> (Thumb, 0 bytes, Stack size 0 bytes, startup_stm32l011xx.o(.text))
<BR>[Address Reference Count : 1]<UL><LI> startup_stm32l011xx.o(RESET)
</UL>
<P><STRONG><a name="[10]"></a>DMA1_Channel4_5_IRQHandler</STRONG> (Thumb, 0 bytes, Stack size 0 bytes, startup_stm32l011xx.o(.text))
<BR>[Address Reference Count : 1]<UL><LI> startup_stm32l011xx.o(RESET)
</UL>
<P><STRONG><a name="[b]"></a>EXTI0_1_IRQHandler</STRONG> (Thumb, 0 bytes, Stack size 0 bytes, startup_stm32l011xx.o(.text))
<BR>[Address Reference Count : 1]<UL><LI> startup_stm32l011xx.o(RESET)
</UL>
<P><STRONG><a name="[c]"></a>EXTI2_3_IRQHandler</STRONG> (Thumb, 0 bytes, Stack size 0 bytes, startup_stm32l011xx.o(.text))
<BR>[Address Reference Count : 1]<UL><LI> startup_stm32l011xx.o(RESET)
</UL>
<P><STRONG><a name="[d]"></a>EXTI4_15_IRQHandler</STRONG> (Thumb, 0 bytes, Stack size 0 bytes, startup_stm32l011xx.o(.text))
<BR>[Address Reference Count : 1]<UL><LI> startup_stm32l011xx.o(RESET)
</UL>
<P><STRONG><a name="[9]"></a>FLASH_IRQHandler</STRONG> (Thumb, 0 bytes, Stack size 0 bytes, startup_stm32l011xx.o(.text))
<BR>[Address Reference Count : 1]<UL><LI> startup_stm32l011xx.o(RESET)
</UL>
<P><STRONG><a name="[15]"></a>I2C1_IRQHandler</STRONG> (Thumb, 0 bytes, Stack size 0 bytes, startup_stm32l011xx.o(.text))
<BR>[Address Reference Count : 1]<UL><LI> startup_stm32l011xx.o(RESET)
</UL>
<P><STRONG><a name="[12]"></a>LPTIM1_IRQHandler</STRONG> (Thumb, 0 bytes, Stack size 0 bytes, startup_stm32l011xx.o(.text))
<BR>[Address Reference Count : 1]<UL><LI> startup_stm32l011xx.o(RESET)
</UL>
<P><STRONG><a name="[7]"></a>PVD_IRQHandler</STRONG> (Thumb, 0 bytes, Stack size 0 bytes, startup_stm32l011xx.o(.text))
<BR>[Address Reference Count : 1]<UL><LI> startup_stm32l011xx.o(RESET)
</UL>
<P><STRONG><a name="[a]"></a>RCC_IRQHandler</STRONG> (Thumb, 0 bytes, Stack size 0 bytes, startup_stm32l011xx.o(.text))
<BR>[Address Reference Count : 1]<UL><LI> startup_stm32l011xx.o(RESET)
</UL>
<P><STRONG><a name="[16]"></a>SPI1_IRQHandler</STRONG> (Thumb, 0 bytes, Stack size 0 bytes, startup_stm32l011xx.o(.text))
<BR>[Address Reference Count : 1]<UL><LI> startup_stm32l011xx.o(RESET)
</UL>
<P><STRONG><a name="[14]"></a>TIM21_IRQHandler</STRONG> (Thumb, 0 bytes, Stack size 0 bytes, startup_stm32l011xx.o(.text))
<BR>[Address Reference Count : 1]<UL><LI> startup_stm32l011xx.o(RESET)
</UL>
<P><STRONG><a name="[13]"></a>TIM2_IRQHandler</STRONG> (Thumb, 0 bytes, Stack size 0 bytes, startup_stm32l011xx.o(.text))
<BR>[Address Reference Count : 1]<UL><LI> startup_stm32l011xx.o(RESET)
</UL>
<P><STRONG><a name="[6]"></a>WWDG_IRQHandler</STRONG> (Thumb, 0 bytes, Stack size 0 bytes, startup_stm32l011xx.o(.text))
<BR>[Address Reference Count : 1]<UL><LI> startup_stm32l011xx.o(RESET)
</UL>
<P><STRONG><a name="[3d]"></a>__aeabi_uidiv</STRONG> (Thumb, 0 bytes, Stack size 12 bytes, uidiv.o(.text))
<BR><BR>[Stack]<UL><LI>Max Depth = 12<LI>Call Chain = __aeabi_uidiv
</UL>
<BR>[Called By]<UL><LI><a href="#[42]">&gt;&gt;</a>&nbsp;&nbsp;&nbsp;LL_USART_Init
<LI><a href="#[3c]">&gt;&gt;</a>&nbsp;&nbsp;&nbsp;LL_Init1msTick
<LI><a href="#[43]">&gt;&gt;</a>&nbsp;&nbsp;&nbsp;RCC_PLL_GetFreqDomain_SYS
</UL>

<P><STRONG><a name="[55]"></a>__aeabi_uidivmod</STRONG> (Thumb, 44 bytes, Stack size 12 bytes, uidiv.o(.text), UNUSED)

<P><STRONG><a name="[21]"></a>__aeabi_uldivmod</STRONG> (Thumb, 96 bytes, Stack size 48 bytes, uldiv.o(.text))
<BR><BR>[Stack]<UL><LI>Max Depth = 56<LI>Call Chain = __aeabi_uldivmod &rArr; __aeabi_llsr
</UL>
<BR>[Calls]<UL><LI><a href="#[22]">&gt;&gt;</a>&nbsp;&nbsp;&nbsp;__aeabi_llsr
<LI><a href="#[23]">&gt;&gt;</a>&nbsp;&nbsp;&nbsp;__aeabi_llsl
</UL>
<BR>[Called By]<UL><LI><a href="#[3e]">&gt;&gt;</a>&nbsp;&nbsp;&nbsp;LL_LPUART_Init
</UL>

<P><STRONG><a name="[36]"></a>__aeabi_memcpy</STRONG> (Thumb, 36 bytes, Stack size 0 bytes, memcpya.o(.text))
<BR><BR>[Called By]<UL><LI><a href="#[37]">&gt;&gt;</a>&nbsp;&nbsp;&nbsp;GPS_subroutine
<LI><a href="#[31]">&gt;&gt;</a>&nbsp;&nbsp;&nbsp;GPS_getNMEA
</UL>

<P><STRONG><a name="[56]"></a>__aeabi_memcpy4</STRONG> (Thumb, 0 bytes, Stack size 0 bytes, memcpya.o(.text), UNUSED)

<P><STRONG><a name="[57]"></a>__aeabi_memcpy8</STRONG> (Thumb, 0 bytes, Stack size 0 bytes, memcpya.o(.text), UNUSED)

<P><STRONG><a name="[25]"></a>__aeabi_memset</STRONG> (Thumb, 14 bytes, Stack size 0 bytes, memseta.o(.text), UNUSED)
<BR><BR>[Called By]<UL><LI><a href="#[26]">&gt;&gt;</a>&nbsp;&nbsp;&nbsp;_memset$wrapper
<LI><a href="#[24]">&gt;&gt;</a>&nbsp;&nbsp;&nbsp;__aeabi_memclr
</UL>

<P><STRONG><a name="[58]"></a>__aeabi_memset4</STRONG> (Thumb, 0 bytes, Stack size 0 bytes, memseta.o(.text), UNUSED)

<P><STRONG><a name="[59]"></a>__aeabi_memset8</STRONG> (Thumb, 0 bytes, Stack size 0 bytes, memseta.o(.text), UNUSED)

<P><STRONG><a name="[24]"></a>__aeabi_memclr</STRONG> (Thumb, 4 bytes, Stack size 0 bytes, memseta.o(.text), UNUSED)
<BR><BR>[Calls]<UL><LI><a href="#[25]">&gt;&gt;</a>&nbsp;&nbsp;&nbsp;__aeabi_memset
</UL>

<P><STRONG><a name="[32]"></a>__aeabi_memclr4</STRONG> (Thumb, 0 bytes, Stack size 0 bytes, memseta.o(.text))
<BR><BR>[Called By]<UL><LI><a href="#[31]">&gt;&gt;</a>&nbsp;&nbsp;&nbsp;GPS_getNMEA
</UL>

<P><STRONG><a name="[5a]"></a>__aeabi_memclr8</STRONG> (Thumb, 0 bytes, Stack size 0 bytes, memseta.o(.text), UNUSED)

<P><STRONG><a name="[26]"></a>_memset$wrapper</STRONG> (Thumb, 18 bytes, Stack size 8 bytes, memseta.o(.text), UNUSED)
<BR><BR>[Calls]<UL><LI><a href="#[25]">&gt;&gt;</a>&nbsp;&nbsp;&nbsp;__aeabi_memset
</UL>

<P><STRONG><a name="[35]"></a>strlen</STRONG> (Thumb, 14 bytes, Stack size 0 bytes, strlen.o(.text))
<BR><BR>[Called By]<UL><LI><a href="#[31]">&gt;&gt;</a>&nbsp;&nbsp;&nbsp;GPS_getNMEA
</UL>

<P><STRONG><a name="[34]"></a>strcpy</STRONG> (Thumb, 18 bytes, Stack size 0 bytes, strcpy.o(.text))
<BR><BR>[Called By]<UL><LI><a href="#[31]">&gt;&gt;</a>&nbsp;&nbsp;&nbsp;GPS_getNMEA
</UL>

<P><STRONG><a name="[33]"></a>strtok</STRONG> (Thumb, 68 bytes, Stack size 16 bytes, strtok.o(.text))
<BR><BR>[Stack]<UL><LI>Max Depth = 16<LI>Call Chain = strtok
</UL>
<BR>[Called By]<UL><LI><a href="#[31]">&gt;&gt;</a>&nbsp;&nbsp;&nbsp;GPS_getNMEA
</UL>

<P><STRONG><a name="[3b]"></a>__aeabi_fcmple</STRONG> (Thumb, 28 bytes, Stack size 0 bytes, fcmple.o(.text))
<BR><BR>[Called By]<UL><LI><a href="#[37]">&gt;&gt;</a>&nbsp;&nbsp;&nbsp;GPS_subroutine
</UL>

<P><STRONG><a name="[23]"></a>__aeabi_llsl</STRONG> (Thumb, 32 bytes, Stack size 8 bytes, llshl.o(.text))
<BR><BR>[Stack]<UL><LI>Max Depth = 8<LI>Call Chain = __aeabi_llsl
</UL>
<BR>[Called By]<UL><LI><a href="#[21]">&gt;&gt;</a>&nbsp;&nbsp;&nbsp;__aeabi_uldivmod
</UL>

<P><STRONG><a name="[5b]"></a>_ll_shift_l</STRONG> (Thumb, 0 bytes, Stack size 8 bytes, llshl.o(.text), UNUSED)

<P><STRONG><a name="[22]"></a>__aeabi_llsr</STRONG> (Thumb, 34 bytes, Stack size 8 bytes, llushr.o(.text))
<BR><BR>[Stack]<UL><LI>Max Depth = 8<LI>Call Chain = __aeabi_llsr
</UL>
<BR>[Called By]<UL><LI><a href="#[21]">&gt;&gt;</a>&nbsp;&nbsp;&nbsp;__aeabi_uldivmod
</UL>

<P><STRONG><a name="[5c]"></a>_ll_ushift_r</STRONG> (Thumb, 0 bytes, Stack size 8 bytes, llushr.o(.text), UNUSED)

<P><STRONG><a name="[5d]"></a>__I$use$fp</STRONG> (Thumb, 0 bytes, Stack size unknown bytes, iusefp.o(.text), UNUSED)

<P><STRONG><a name="[20]"></a>__scatterload</STRONG> (Thumb, 28 bytes, Stack size 0 bytes, init.o(.text))
<BR><BR>[Calls]<UL><LI><a href="#[27]">&gt;&gt;</a>&nbsp;&nbsp;&nbsp;__main_after_scatterload
</UL>
<BR>[Called By]<UL><LI><a href="#[1f]">&gt;&gt;</a>&nbsp;&nbsp;&nbsp;_main_scatterload
</UL>

<P><STRONG><a name="[5e]"></a>__scatterload_rt2</STRONG> (Thumb, 0 bytes, Stack size 0 bytes, init.o(.text), UNUSED)

<P><STRONG><a name="[29]"></a>CC_SendByte</STRONG> (Thumb, 20 bytes, Stack size 0 bytes, comport.o(.text.CC_SendByte))
<BR><BR>[Called By]<UL><LI><a href="#[28]">&gt;&gt;</a>&nbsp;&nbsp;&nbsp;CC_SendData
</UL>

<P><STRONG><a name="[28]"></a>CC_SendData</STRONG> (Thumb, 26 bytes, Stack size 16 bytes, comport.o(.text.CC_SendData))
<BR><BR>[Stack]<UL><LI>Max Depth = 16<LI>Call Chain = CC_SendData
</UL>
<BR>[Calls]<UL><LI><a href="#[29]">&gt;&gt;</a>&nbsp;&nbsp;&nbsp;CC_SendByte
</UL>
<BR>[Called By]<UL><LI><a href="#[31]">&gt;&gt;</a>&nbsp;&nbsp;&nbsp;GPS_getNMEA
</UL>

<P><STRONG><a name="[2b]"></a>EEPROM_WriteData</STRONG> (Thumb, 20 bytes, Stack size 8 bytes, flash.o(.text.EEPROM_WriteData))
<BR><BR>[Stack]<UL><LI>Max Depth = 8<LI>Call Chain = EEPROM_WriteData
</UL>
<BR>[Called By]<UL><LI><a href="#[2a]">&gt;&gt;</a>&nbsp;&nbsp;&nbsp;FLASH_initDataStorage
</UL>

<P><STRONG><a name="[2e]"></a>FLASH_Lock</STRONG> (Thumb, 24 bytes, Stack size 0 bytes, flash.o(.text.FLASH_Lock))
<BR><BR>[Called By]<UL><LI><a href="#[2f]">&gt;&gt;</a>&nbsp;&nbsp;&nbsp;FLASH_saveFix
<LI><a href="#[2a]">&gt;&gt;</a>&nbsp;&nbsp;&nbsp;FLASH_initDataStorage
</UL>

<P><STRONG><a name="[30]"></a>FLASH_ReadData</STRONG> (Thumb, 20 bytes, Stack size 8 bytes, flash.o(.text.FLASH_ReadData))
<BR><BR>[Stack]<UL><LI>Max Depth = 8<LI>Call Chain = FLASH_ReadData
</UL>
<BR>[Called By]<UL><LI><a href="#[2f]">&gt;&gt;</a>&nbsp;&nbsp;&nbsp;FLASH_saveFix
</UL>

<P><STRONG><a name="[2d]"></a>FLASH_erasePage</STRONG> (Thumb, 52 bytes, Stack size 0 bytes, flash.o(.text.FLASH_erasePage))
<BR><BR>[Called By]<UL><LI><a href="#[2f]">&gt;&gt;</a>&nbsp;&nbsp;&nbsp;FLASH_saveFix
<LI><a href="#[2a]">&gt;&gt;</a>&nbsp;&nbsp;&nbsp;FLASH_initDataStorage
</UL>

<P><STRONG><a name="[2a]"></a>FLASH_initDataStorage</STRONG> (Thumb, 72 bytes, Stack size 16 bytes, flash.o(.text.FLASH_initDataStorage))
<BR><BR>[Stack]<UL><LI>Max Depth = 24<LI>Call Chain = FLASH_initDataStorage &rArr; EEPROM_WriteData
</UL>
<BR>[Calls]<UL><LI><a href="#[2c]">&gt;&gt;</a>&nbsp;&nbsp;&nbsp;FLASH_unlockPrgm
<LI><a href="#[2d]">&gt;&gt;</a>&nbsp;&nbsp;&nbsp;FLASH_erasePage
<LI><a href="#[2e]">&gt;&gt;</a>&nbsp;&nbsp;&nbsp;FLASH_Lock
<LI><a href="#[2b]">&gt;&gt;</a>&nbsp;&nbsp;&nbsp;EEPROM_WriteData
</UL>
<BR>[Called By]<UL><LI><a href="#[19]">&gt;&gt;</a>&nbsp;&nbsp;&nbsp;main
</UL>

<P><STRONG><a name="[2f]"></a>FLASH_saveFix</STRONG> (Thumb, 184 bytes, Stack size 56 bytes, flash.o(.text.FLASH_saveFix))
<BR><BR>[Stack]<UL><LI>Max Depth = 64<LI>Call Chain = FLASH_saveFix &rArr; FLASH_ReadData
</UL>
<BR>[Calls]<UL><LI><a href="#[2c]">&gt;&gt;</a>&nbsp;&nbsp;&nbsp;FLASH_unlockPrgm
<LI><a href="#[2d]">&gt;&gt;</a>&nbsp;&nbsp;&nbsp;FLASH_erasePage
<LI><a href="#[30]">&gt;&gt;</a>&nbsp;&nbsp;&nbsp;FLASH_ReadData
<LI><a href="#[2e]">&gt;&gt;</a>&nbsp;&nbsp;&nbsp;FLASH_Lock
</UL>
<BR>[Called By]<UL><LI><a href="#[37]">&gt;&gt;</a>&nbsp;&nbsp;&nbsp;GPS_subroutine
</UL>

<P><STRONG><a name="[2c]"></a>FLASH_unlockPrgm</STRONG> (Thumb, 44 bytes, Stack size 0 bytes, flash.o(.text.FLASH_unlockPrgm))
<BR><BR>[Called By]<UL><LI><a href="#[2f]">&gt;&gt;</a>&nbsp;&nbsp;&nbsp;FLASH_saveFix
<LI><a href="#[2a]">&gt;&gt;</a>&nbsp;&nbsp;&nbsp;FLASH_initDataStorage
</UL>

<P><STRONG><a name="[1c]"></a>FLASH_writeWord</STRONG> (Thumb, 44 bytes, Stack size 0 bytes, flash.o(.text.FLASH_writeWord))
<BR>[Address Reference Count : 1]<UL><LI> flash.o(.text.FLASH_saveFix)
</UL>
<P><STRONG><a name="[4e]"></a>GPS_GPSCSHigh</STRONG> (Thumb, 20 bytes, Stack size 0 bytes, gps.o(.text.GPS_GPSCSHigh))
<BR><BR>[Called By]<UL><LI><a href="#[19]">&gt;&gt;</a>&nbsp;&nbsp;&nbsp;main
</UL>

<P><STRONG><a name="[4d]"></a>GPS_GPSDisable</STRONG> (Thumb, 16 bytes, Stack size 0 bytes, gps.o(.text.GPS_GPSDisable))
<BR><BR>[Called By]<UL><LI><a href="#[19]">&gt;&gt;</a>&nbsp;&nbsp;&nbsp;main
</UL>

<P><STRONG><a name="[39]"></a>GPS_UBX_enablePUBX_Position</STRONG> (Thumb, 48 bytes, Stack size 0 bytes, gps.o(.text.GPS_UBX_enablePUBX_Position))
<BR><BR>[Called By]<UL><LI><a href="#[37]">&gt;&gt;</a>&nbsp;&nbsp;&nbsp;GPS_subroutine
</UL>

<P><STRONG><a name="[31]"></a>GPS_getNMEA</STRONG> (Thumb, 644 bytes, Stack size 184 bytes, gps.o(.text.GPS_getNMEA))
<BR><BR>[Stack]<UL><LI>Max Depth = 200<LI>Call Chain = GPS_getNMEA &rArr; CC_SendData
</UL>
<BR>[Calls]<UL><LI><a href="#[28]">&gt;&gt;</a>&nbsp;&nbsp;&nbsp;CC_SendData
<LI><a href="#[33]">&gt;&gt;</a>&nbsp;&nbsp;&nbsp;strtok
<LI><a href="#[34]">&gt;&gt;</a>&nbsp;&nbsp;&nbsp;strcpy
<LI><a href="#[35]">&gt;&gt;</a>&nbsp;&nbsp;&nbsp;strlen
<LI><a href="#[32]">&gt;&gt;</a>&nbsp;&nbsp;&nbsp;__aeabi_memclr4
<LI><a href="#[36]">&gt;&gt;</a>&nbsp;&nbsp;&nbsp;__aeabi_memcpy
</UL>
<BR>[Called By]<UL><LI><a href="#[37]">&gt;&gt;</a>&nbsp;&nbsp;&nbsp;GPS_subroutine
</UL>

<P><STRONG><a name="[37]"></a>GPS_subroutine</STRONG> (Thumb, 176 bytes, Stack size 88 bytes, gps.o(.text.GPS_subroutine))
<BR><BR>[Stack]<UL><LI>Max Depth = 288<LI>Call Chain = GPS_subroutine &rArr; GPS_getNMEA &rArr; CC_SendData
</UL>
<BR>[Calls]<UL><LI><a href="#[2f]">&gt;&gt;</a>&nbsp;&nbsp;&nbsp;FLASH_saveFix
<LI><a href="#[38]">&gt;&gt;</a>&nbsp;&nbsp;&nbsp;TIM2_delay
<LI><a href="#[3b]">&gt;&gt;</a>&nbsp;&nbsp;&nbsp;__aeabi_fcmple
<LI><a href="#[3a]">&gt;&gt;</a>&nbsp;&nbsp;&nbsp;TIM2_initDelay_inline
<LI><a href="#[31]">&gt;&gt;</a>&nbsp;&nbsp;&nbsp;GPS_getNMEA
<LI><a href="#[39]">&gt;&gt;</a>&nbsp;&nbsp;&nbsp;GPS_UBX_enablePUBX_Position
<LI><a href="#[36]">&gt;&gt;</a>&nbsp;&nbsp;&nbsp;__aeabi_memcpy
</UL>
<BR>[Called By]<UL><LI><a href="#[19]">&gt;&gt;</a>&nbsp;&nbsp;&nbsp;main
</UL>

<P><STRONG><a name="[2]"></a>HardFault_Handler</STRONG> (Thumb, 2 bytes, Stack size 0 bytes, stm32l0xx_it.o(.text.HardFault_Handler))
<BR><BR>[Calls]<UL><LI><a href="#[2]">&gt;&gt;</a>&nbsp;&nbsp;&nbsp;HardFault_Handler
</UL>
<BR>[Called By]<UL><LI><a href="#[2]">&gt;&gt;</a>&nbsp;&nbsp;&nbsp;HardFault_Handler
</UL>
<BR>[Address Reference Count : 1]<UL><LI> startup_stm32l011xx.o(RESET)
</UL>
<P><STRONG><a name="[48]"></a>LL_EXTI_Init</STRONG> (Thumb, 152 bytes, Stack size 8 bytes, stm32l0xx_ll_exti.o(.text.LL_EXTI_Init))
<BR><BR>[Stack]<UL><LI>Max Depth = 8<LI>Call Chain = LL_EXTI_Init
</UL>
<BR>[Called By]<UL><LI><a href="#[19]">&gt;&gt;</a>&nbsp;&nbsp;&nbsp;main
</UL>

<P><STRONG><a name="[1e]"></a>LL_GPIO_Init</STRONG> (Thumb, 158 bytes, Stack size 24 bytes, stm32l0xx_ll_gpio.o(.text.LL_GPIO_Init))
<BR><BR>[Stack]<UL><LI>Max Depth = 24<LI>Call Chain = LL_GPIO_Init
</UL>
<BR>[Address Reference Count : 1]<UL><LI> main.o(.text.main)
</UL>
<P><STRONG><a name="[3c]"></a>LL_Init1msTick</STRONG> (Thumb, 32 bytes, Stack size 8 bytes, stm32l0xx_ll_utils.o(.text.LL_Init1msTick))
<BR><BR>[Stack]<UL><LI>Max Depth = 20<LI>Call Chain = LL_Init1msTick &rArr; __aeabi_uidiv
</UL>
<BR>[Calls]<UL><LI><a href="#[3d]">&gt;&gt;</a>&nbsp;&nbsp;&nbsp;__aeabi_uidiv
</UL>
<BR>[Called By]<UL><LI><a href="#[44]">&gt;&gt;</a>&nbsp;&nbsp;&nbsp;SystemClock_Config
</UL>

<P><STRONG><a name="[3e]"></a>LL_LPUART_Init</STRONG> (Thumb, 112 bytes, Stack size 16 bytes, stm32l0xx_ll_lpuart.o(.text.LL_LPUART_Init))
<BR><BR>[Stack]<UL><LI>Max Depth = 72<LI>Call Chain = LL_LPUART_Init &rArr; __aeabi_uldivmod &rArr; __aeabi_llsr
</UL>
<BR>[Calls]<UL><LI><a href="#[21]">&gt;&gt;</a>&nbsp;&nbsp;&nbsp;__aeabi_uldivmod
<LI><a href="#[3f]">&gt;&gt;</a>&nbsp;&nbsp;&nbsp;LL_RCC_GetLPUARTClockFreq
</UL>
<BR>[Called By]<UL><LI><a href="#[19]">&gt;&gt;</a>&nbsp;&nbsp;&nbsp;main
</UL>

<P><STRONG><a name="[3f]"></a>LL_RCC_GetLPUARTClockFreq</STRONG> (Thumb, 116 bytes, Stack size 8 bytes, stm32l0xx_ll_rcc.o(.text.LL_RCC_GetLPUARTClockFreq))
<BR><BR>[Stack]<UL><LI>Max Depth = 36<LI>Call Chain = LL_RCC_GetLPUARTClockFreq &rArr; RCC_GetSystemClockFreq &rArr; RCC_PLL_GetFreqDomain_SYS &rArr; __aeabi_uidiv
</UL>
<BR>[Calls]<UL><LI><a href="#[40]">&gt;&gt;</a>&nbsp;&nbsp;&nbsp;RCC_GetSystemClockFreq
</UL>
<BR>[Called By]<UL><LI><a href="#[3e]">&gt;&gt;</a>&nbsp;&nbsp;&nbsp;LL_LPUART_Init
</UL>

<P><STRONG><a name="[41]"></a>LL_RCC_GetUSARTClockFreq</STRONG> (Thumb, 136 bytes, Stack size 8 bytes, stm32l0xx_ll_rcc.o(.text.LL_RCC_GetUSARTClockFreq))
<BR><BR>[Stack]<UL><LI>Max Depth = 36<LI>Call Chain = LL_RCC_GetUSARTClockFreq &rArr; RCC_GetSystemClockFreq &rArr; RCC_PLL_GetFreqDomain_SYS &rArr; __aeabi_uidiv
</UL>
<BR>[Calls]<UL><LI><a href="#[40]">&gt;&gt;</a>&nbsp;&nbsp;&nbsp;RCC_GetSystemClockFreq
</UL>
<BR>[Called By]<UL><LI><a href="#[42]">&gt;&gt;</a>&nbsp;&nbsp;&nbsp;LL_USART_Init
</UL>

<P><STRONG><a name="[49]"></a>LL_SPI_Init</STRONG> (Thumb, 108 bytes, Stack size 36 bytes, stm32l0xx_ll_spi.o(.text.LL_SPI_Init))
<BR><BR>[Stack]<UL><LI>Max Depth = 36<LI>Call Chain = LL_SPI_Init
</UL>
<BR>[Called By]<UL><LI><a href="#[19]">&gt;&gt;</a>&nbsp;&nbsp;&nbsp;main
</UL>

<P><STRONG><a name="[45]"></a>LL_SetSystemCoreClock</STRONG> (Thumb, 12 bytes, Stack size 0 bytes, stm32l0xx_ll_utils.o(.text.LL_SetSystemCoreClock))
<BR><BR>[Called By]<UL><LI><a href="#[44]">&gt;&gt;</a>&nbsp;&nbsp;&nbsp;SystemClock_Config
</UL>

<P><STRONG><a name="[42]"></a>LL_USART_Init</STRONG> (Thumb, 152 bytes, Stack size 16 bytes, stm32l0xx_ll_usart.o(.text.LL_USART_Init))
<BR><BR>[Stack]<UL><LI>Max Depth = 52<LI>Call Chain = LL_USART_Init &rArr; LL_RCC_GetUSARTClockFreq &rArr; RCC_GetSystemClockFreq &rArr; RCC_PLL_GetFreqDomain_SYS &rArr; __aeabi_uidiv
</UL>
<BR>[Calls]<UL><LI><a href="#[41]">&gt;&gt;</a>&nbsp;&nbsp;&nbsp;LL_RCC_GetUSARTClockFreq
<LI><a href="#[3d]">&gt;&gt;</a>&nbsp;&nbsp;&nbsp;__aeabi_uidiv
</UL>
<BR>[Called By]<UL><LI><a href="#[19]">&gt;&gt;</a>&nbsp;&nbsp;&nbsp;main
</UL>

<P><STRONG><a name="[18]"></a>LPUART1_IRQHandler</STRONG> (Thumb, 52 bytes, Stack size 0 bytes, stm32l0xx_it.o(.text.LPUART1_IRQHandler))
<BR>[Address Reference Count : 1]<UL><LI> startup_stm32l011xx.o(RESET)
</UL>
<P><STRONG><a name="[1]"></a>NMI_Handler</STRONG> (Thumb, 2 bytes, Stack size 0 bytes, stm32l0xx_it.o(.text.NMI_Handler))
<BR>[Address Reference Count : 1]<UL><LI> startup_stm32l011xx.o(RESET)
</UL>
<P><STRONG><a name="[4]"></a>PendSV_Handler</STRONG> (Thumb, 2 bytes, Stack size 0 bytes, stm32l0xx_it.o(.text.PendSV_Handler))
<BR>[Address Reference Count : 1]<UL><LI> startup_stm32l011xx.o(RESET)
</UL>
<P><STRONG><a name="[40]"></a>RCC_GetSystemClockFreq</STRONG> (Thumb, 76 bytes, Stack size 8 bytes, stm32l0xx_ll_rcc.o(.text.RCC_GetSystemClockFreq))
<BR><BR>[Stack]<UL><LI>Max Depth = 28<LI>Call Chain = RCC_GetSystemClockFreq &rArr; RCC_PLL_GetFreqDomain_SYS &rArr; __aeabi_uidiv
</UL>
<BR>[Calls]<UL><LI><a href="#[43]">&gt;&gt;</a>&nbsp;&nbsp;&nbsp;RCC_PLL_GetFreqDomain_SYS
</UL>
<BR>[Called By]<UL><LI><a href="#[41]">&gt;&gt;</a>&nbsp;&nbsp;&nbsp;LL_RCC_GetUSARTClockFreq
<LI><a href="#[3f]">&gt;&gt;</a>&nbsp;&nbsp;&nbsp;LL_RCC_GetLPUARTClockFreq
</UL>

<P><STRONG><a name="[43]"></a>RCC_PLL_GetFreqDomain_SYS</STRONG> (Thumb, 76 bytes, Stack size 8 bytes, stm32l0xx_ll_rcc.o(.text.RCC_PLL_GetFreqDomain_SYS))
<BR><BR>[Stack]<UL><LI>Max Depth = 20<LI>Call Chain = RCC_PLL_GetFreqDomain_SYS &rArr; __aeabi_uidiv
</UL>
<BR>[Calls]<UL><LI><a href="#[3d]">&gt;&gt;</a>&nbsp;&nbsp;&nbsp;__aeabi_uidiv
</UL>
<BR>[Called By]<UL><LI><a href="#[40]">&gt;&gt;</a>&nbsp;&nbsp;&nbsp;RCC_GetSystemClockFreq
</UL>

<P><STRONG><a name="[8]"></a>RTC_IRQHandler</STRONG> (Thumb, 48 bytes, Stack size 0 bytes, stm32l0xx_it.o(.text.RTC_IRQHandler))
<BR>[Address Reference Count : 1]<UL><LI> startup_stm32l011xx.o(RESET)
</UL>
<P><STRONG><a name="[4a]"></a>RTC_initAlarm</STRONG> (Thumb, 96 bytes, Stack size 8 bytes, timers.o(.text.RTC_initAlarm))
<BR><BR>[Stack]<UL><LI>Max Depth = 8<LI>Call Chain = RTC_initAlarm
</UL>
<BR>[Called By]<UL><LI><a href="#[19]">&gt;&gt;</a>&nbsp;&nbsp;&nbsp;main
</UL>

<P><STRONG><a name="[3]"></a>SVC_Handler</STRONG> (Thumb, 2 bytes, Stack size 0 bytes, stm32l0xx_it.o(.text.SVC_Handler))
<BR>[Address Reference Count : 1]<UL><LI> startup_stm32l011xx.o(RESET)
</UL>
<P><STRONG><a name="[5]"></a>SysTick_Handler</STRONG> (Thumb, 2 bytes, Stack size 0 bytes, stm32l0xx_it.o(.text.SysTick_Handler))
<BR>[Address Reference Count : 1]<UL><LI> startup_stm32l011xx.o(RESET)
</UL>
<P><STRONG><a name="[44]"></a>SystemClock_Config</STRONG> (Thumb, 232 bytes, Stack size 24 bytes, main.o(.text.SystemClock_Config))
<BR><BR>[Stack]<UL><LI>Max Depth = 44<LI>Call Chain = SystemClock_Config &rArr; LL_Init1msTick &rArr; __aeabi_uidiv
</UL>
<BR>[Calls]<UL><LI><a href="#[45]">&gt;&gt;</a>&nbsp;&nbsp;&nbsp;LL_SetSystemCoreClock
<LI><a href="#[3c]">&gt;&gt;</a>&nbsp;&nbsp;&nbsp;LL_Init1msTick
</UL>
<BR>[Called By]<UL><LI><a href="#[19]">&gt;&gt;</a>&nbsp;&nbsp;&nbsp;main
</UL>

<P><STRONG><a name="[1a]"></a>SystemInit</STRONG> (Thumb, 80 bytes, Stack size 0 bytes, system_stm32l0xx.o(.text.SystemInit))
<BR>[Address Reference Count : 1]<UL><LI> startup_stm32l011xx.o(.text)
</UL>
<P><STRONG><a name="[38]"></a>TIM2_delay</STRONG> (Thumb, 28 bytes, Stack size 0 bytes, timers.o(.text.TIM2_delay))
<BR><BR>[Called By]<UL><LI><a href="#[19]">&gt;&gt;</a>&nbsp;&nbsp;&nbsp;main
<LI><a href="#[37]">&gt;&gt;</a>&nbsp;&nbsp;&nbsp;GPS_subroutine
</UL>

<P><STRONG><a name="[4b]"></a>TIM2_init</STRONG> (Thumb, 32 bytes, Stack size 0 bytes, timers.o(.text.TIM2_init))
<BR><BR>[Called By]<UL><LI><a href="#[19]">&gt;&gt;</a>&nbsp;&nbsp;&nbsp;main
</UL>

<P><STRONG><a name="[3a]"></a>TIM2_initDelay_inline</STRONG> (Thumb, 20 bytes, Stack size 0 bytes, timers.o(.text.TIM2_initDelay_inline))
<BR><BR>[Called By]<UL><LI><a href="#[37]">&gt;&gt;</a>&nbsp;&nbsp;&nbsp;GPS_subroutine
</UL>

<P><STRONG><a name="[17]"></a>USART2_IRQHandler</STRONG> (Thumb, 44 bytes, Stack size 0 bytes, stm32l0xx_it.o(.text.USART2_IRQHandler))
<BR>[Address Reference Count : 1]<UL><LI> startup_stm32l011xx.o(RESET)
</UL>
<P><STRONG><a name="[4c]"></a>XB_DisableXbee</STRONG> (Thumb, 16 bytes, Stack size 0 bytes, xbee.o(.text.XB_DisableXbee))
<BR><BR>[Called By]<UL><LI><a href="#[19]">&gt;&gt;</a>&nbsp;&nbsp;&nbsp;main
</UL>

<P><STRONG><a name="[19]"></a>main</STRONG> (Thumb, 904 bytes, Stack size 128 bytes, main.o(.text.main))
<BR><BR>[Stack]<UL><LI>Max Depth = 416<LI>Call Chain = main &rArr; GPS_subroutine &rArr; GPS_getNMEA &rArr; CC_SendData
</UL>
<BR>[Calls]<UL><LI><a href="#[4c]">&gt;&gt;</a>&nbsp;&nbsp;&nbsp;XB_DisableXbee
<LI><a href="#[4b]">&gt;&gt;</a>&nbsp;&nbsp;&nbsp;TIM2_init
<LI><a href="#[38]">&gt;&gt;</a>&nbsp;&nbsp;&nbsp;TIM2_delay
<LI><a href="#[44]">&gt;&gt;</a>&nbsp;&nbsp;&nbsp;SystemClock_Config
<LI><a href="#[4a]">&gt;&gt;</a>&nbsp;&nbsp;&nbsp;RTC_initAlarm
<LI><a href="#[42]">&gt;&gt;</a>&nbsp;&nbsp;&nbsp;LL_USART_Init
<LI><a href="#[49]">&gt;&gt;</a>&nbsp;&nbsp;&nbsp;LL_SPI_Init
<LI><a href="#[3e]">&gt;&gt;</a>&nbsp;&nbsp;&nbsp;LL_LPUART_Init
<LI><a href="#[48]">&gt;&gt;</a>&nbsp;&nbsp;&nbsp;LL_EXTI_Init
<LI><a href="#[37]">&gt;&gt;</a>&nbsp;&nbsp;&nbsp;GPS_subroutine
<LI><a href="#[4d]">&gt;&gt;</a>&nbsp;&nbsp;&nbsp;GPS_GPSDisable
<LI><a href="#[4e]">&gt;&gt;</a>&nbsp;&nbsp;&nbsp;GPS_GPSCSHigh
<LI><a href="#[2a]">&gt;&gt;</a>&nbsp;&nbsp;&nbsp;FLASH_initDataStorage
<LI><a href="#[1d]">&gt;&gt;</a>&nbsp;&nbsp;&nbsp;LL_IOP_GRP1_EnableClock
<LI><a href="#[46]">&gt;&gt;</a>&nbsp;&nbsp;&nbsp;LL_APB2_GRP1_EnableClock
<LI><a href="#[47]">&gt;&gt;</a>&nbsp;&nbsp;&nbsp;LL_APB1_GRP1_EnableClock
</UL>
<BR>[Address Reference Count : 1]<UL><LI> entry9a.o(.ARM.Collect$$$$0000000B)
</UL>
<P><STRONG><a name="[5f]"></a>__scatterload_copy</STRONG> (Thumb, 14 bytes, Stack size unknown bytes, handlers.o(i.__scatterload_copy), UNUSED)

<P><STRONG><a name="[60]"></a>__scatterload_null</STRONG> (Thumb, 2 bytes, Stack size unknown bytes, handlers.o(i.__scatterload_null), UNUSED)

<P><STRONG><a name="[61]"></a>__scatterload_zeroinit</STRONG> (Thumb, 14 bytes, Stack size unknown bytes, handlers.o(i.__scatterload_zeroinit), UNUSED)
<P>
<H3>
Local Symbols
</H3>
<P><STRONG><a name="[47]"></a>LL_APB1_GRP1_EnableClock</STRONG> (Thumb, 28 bytes, Stack size 4 bytes, main.o(.text.LL_APB1_GRP1_EnableClock))
<BR><BR>[Stack]<UL><LI>Max Depth = 4<LI>Call Chain = LL_APB1_GRP1_EnableClock
</UL>
<BR>[Called By]<UL><LI><a href="#[19]">&gt;&gt;</a>&nbsp;&nbsp;&nbsp;main
</UL>

<P><STRONG><a name="[46]"></a>LL_APB2_GRP1_EnableClock</STRONG> (Thumb, 28 bytes, Stack size 4 bytes, main.o(.text.LL_APB2_GRP1_EnableClock))
<BR><BR>[Stack]<UL><LI>Max Depth = 4<LI>Call Chain = LL_APB2_GRP1_EnableClock
</UL>
<BR>[Called By]<UL><LI><a href="#[19]">&gt;&gt;</a>&nbsp;&nbsp;&nbsp;main
</UL>

<P><STRONG><a name="[1d]"></a>LL_IOP_GRP1_EnableClock</STRONG> (Thumb, 28 bytes, Stack size 4 bytes, main.o(.text.LL_IOP_GRP1_EnableClock))
<BR><BR>[Stack]<UL><LI>Max Depth = 4<LI>Call Chain = LL_IOP_GRP1_EnableClock
</UL>
<BR>[Called By]<UL><LI><a href="#[19]">&gt;&gt;</a>&nbsp;&nbsp;&nbsp;main
</UL>
<BR>[Address Reference Count : 1]<UL><LI> main.o(.text.main)
</UL><P>
<H3>
Undefined Global Symbols
</H3><HR></body></html>
