Component: ARM Compiler 5.06 update 6 (build 750) Tool: armlink [4d35ed]

==============================================================================

Section Cross References

    startup_stm32l011xx.o(RESET) refers to startup_stm32l011xx.o(STACK) for __initial_sp
    startup_stm32l011xx.o(RESET) refers to startup_stm32l011xx.o(.text) for Reset_Handler
    startup_stm32l011xx.o(RESET) refers to stm32l0xx_it.o(i.NMI_Handler) for NMI_Handler
    startup_stm32l011xx.o(RESET) refers to stm32l0xx_it.o(i.HardFault_Handler) for HardFault_Handler
    startup_stm32l011xx.o(RESET) refers to stm32l0xx_it.o(i.SVC_Handler) for SVC_Handler
    startup_stm32l011xx.o(RESET) refers to stm32l0xx_it.o(i.PendSV_Handler) for PendSV_Handler
    startup_stm32l011xx.o(RESET) refers to stm32l0xx_it.o(i.SysTick_Handler) for SysTick_Handler
    startup_stm32l011xx.o(RESET) refers to stm32l0xx_it.o(i.RTC_IRQHandler) for RTC_IRQHandler
    startup_stm32l011xx.o(RESET) refers to stm32l0xx_it.o(i.USART2_IRQHandler) for USART2_IRQHandler
    startup_stm32l011xx.o(RESET) refers to stm32l0xx_it.o(i.LPUART1_IRQHandler) for LPUART1_IRQHandler
    startup_stm32l011xx.o(.text) refers to startup_stm32l011xx.o(STACK) for __initial_sp
    startup_stm32l011xx.o(.text) refers to system_stm32l0xx.o(i.SystemInit) for SystemInit
    startup_stm32l011xx.o(.text) refers to entry.o(.ARM.Collect$$$$00000000) for __main
    main.o(i.MX_GPIO_Init) refers to memseta.o(.text) for __aeabi_memclr4
    main.o(i.MX_GPIO_Init) refers to main.o(i.LL_IOP_GRP1_EnableClock) for LL_IOP_GRP1_EnableClock
    main.o(i.MX_GPIO_Init) refers to main.o(i.LL_GPIO_ResetOutputPin) for LL_GPIO_ResetOutputPin
    main.o(i.MX_GPIO_Init) refers to stm32l0xx_ll_gpio.o(i.LL_GPIO_Init) for LL_GPIO_Init
    main.o(i.MX_GPIO_Init) refers to main.o(i.LL_SYSCFG_SetEXTISource) for LL_SYSCFG_SetEXTISource
    main.o(i.MX_GPIO_Init) refers to main.o(i.LL_GPIO_SetPinPull) for LL_GPIO_SetPinPull
    main.o(i.MX_GPIO_Init) refers to main.o(i.LL_GPIO_SetPinMode) for LL_GPIO_SetPinMode
    main.o(i.MX_GPIO_Init) refers to stm32l0xx_ll_exti.o(i.LL_EXTI_Init) for LL_EXTI_Init
    main.o(i.MX_LPUART1_UART_Init) refers to memseta.o(.text) for __aeabi_memclr4
    main.o(i.MX_LPUART1_UART_Init) refers to main.o(i.LL_APB1_GRP1_EnableClock) for LL_APB1_GRP1_EnableClock
    main.o(i.MX_LPUART1_UART_Init) refers to main.o(i.LL_IOP_GRP1_EnableClock) for LL_IOP_GRP1_EnableClock
    main.o(i.MX_LPUART1_UART_Init) refers to stm32l0xx_ll_gpio.o(i.LL_GPIO_Init) for LL_GPIO_Init
    main.o(i.MX_LPUART1_UART_Init) refers to main.o(i.NVIC_SetPriority) for NVIC_SetPriority
    main.o(i.MX_LPUART1_UART_Init) refers to main.o(i.NVIC_EnableIRQ) for NVIC_EnableIRQ
    main.o(i.MX_LPUART1_UART_Init) refers to stm32l0xx_ll_lpuart.o(i.LL_LPUART_Init) for LL_LPUART_Init
    main.o(i.MX_RTC_Init) refers to main.o(i.LL_RCC_EnableRTC) for LL_RCC_EnableRTC
    main.o(i.MX_RTC_Init) refers to main.o(i.NVIC_SetPriority) for NVIC_SetPriority
    main.o(i.MX_RTC_Init) refers to main.o(i.NVIC_EnableIRQ) for NVIC_EnableIRQ
    main.o(i.MX_SPI1_Init) refers to memseta.o(.text) for __aeabi_memclr4
    main.o(i.MX_SPI1_Init) refers to main.o(i.LL_APB2_GRP1_EnableClock) for LL_APB2_GRP1_EnableClock
    main.o(i.MX_SPI1_Init) refers to main.o(i.LL_IOP_GRP1_EnableClock) for LL_IOP_GRP1_EnableClock
    main.o(i.MX_SPI1_Init) refers to stm32l0xx_ll_gpio.o(i.LL_GPIO_Init) for LL_GPIO_Init
    main.o(i.MX_SPI1_Init) refers to stm32l0xx_ll_spi.o(i.LL_SPI_Init) for LL_SPI_Init
    main.o(i.MX_USART2_UART_Init) refers to memseta.o(.text) for __aeabi_memclr4
    main.o(i.MX_USART2_UART_Init) refers to main.o(i.LL_APB1_GRP1_EnableClock) for LL_APB1_GRP1_EnableClock
    main.o(i.MX_USART2_UART_Init) refers to main.o(i.LL_IOP_GRP1_EnableClock) for LL_IOP_GRP1_EnableClock
    main.o(i.MX_USART2_UART_Init) refers to stm32l0xx_ll_gpio.o(i.LL_GPIO_Init) for LL_GPIO_Init
    main.o(i.MX_USART2_UART_Init) refers to main.o(i.NVIC_SetPriority) for NVIC_SetPriority
    main.o(i.MX_USART2_UART_Init) refers to main.o(i.NVIC_EnableIRQ) for NVIC_EnableIRQ
    main.o(i.MX_USART2_UART_Init) refers to stm32l0xx_ll_usart.o(i.LL_USART_Init) for LL_USART_Init
    main.o(i.MX_USART2_UART_Init) refers to main.o(i.LL_USART_Enable) for LL_USART_Enable
    main.o(i.SystemClock_Config) refers to main.o(i.Error_Handler) for Error_Handler
    main.o(i.SystemClock_Config) refers to main.o(i.LL_RCC_EnableRTC) for LL_RCC_EnableRTC
    main.o(i.SystemClock_Config) refers to stm32l0xx_ll_utils.o(i.LL_Init1msTick) for LL_Init1msTick
    main.o(i.SystemClock_Config) refers to stm32l0xx_ll_utils.o(i.LL_SetSystemCoreClock) for LL_SetSystemCoreClock
    main.o(i.main) refers to main.o(i.LL_APB2_GRP1_EnableClock) for LL_APB2_GRP1_EnableClock
    main.o(i.main) refers to main.o(i.LL_APB1_GRP1_EnableClock) for LL_APB1_GRP1_EnableClock
    main.o(i.main) refers to main.o(i.SystemClock_Config) for SystemClock_Config
    main.o(i.main) refers to main.o(i.MX_GPIO_Init) for MX_GPIO_Init
[...]
    printf6.o(i._printf_core) refers to uidiv.o(.text) for __aeabi_uidivmod
    printf7.o(i.__0fprintf$7) refers to printf7.o(i._printf_core) for _printf_core
    printf7.o(i.__0fprintf$7) refers to fputc.o(i.fputc) for fputc
    printf7.o(i.__0printf$7) refers to printf7.o(i._printf_core) for _printf_core
    printf7.o(i.__0printf$7) refers to fputc.o(i.fputc) for fputc
    printf7.o(i.__0printf$7) refers to stdout.o(.data) for __stdout
    printf7.o(i.__0snprintf$7) refers to printf7.o(i._printf_core) for _printf_core
    printf7.o(i.__0snprintf$7) refers to printf7.o(i._snputc) for _snputc
    printf7.o(i.__0sprintf$7) refers to printf7.o(i._printf_core) for _printf_core
    printf7.o(i.__0sprintf$7) refers to printf7.o(i._sputc) for _sputc
    printf7.o(i.__0vfprintf$7) refers to printf7.o(i._printf_core) for _printf_core
    printf7.o(i.__0vfprintf$7) refers to fputc.o(i.fputc) for fputc
    printf7.o(i.__0vprintf$7) refers to printf7.o(i._printf_core) for _printf_core
    printf7.o(i.__0vprintf$7) refers to fputc.o(i.fputc) for fputc
    printf7.o(i.__0vprintf$7) refers to stdout.o(.data) for __stdout
    printf7.o(i.__0vsnprintf$7) refers to printf7.o(i._printf_core) for _printf_core
    printf7.o(i.__0vsnprintf$7) refers to printf7.o(i._snputc) for _snputc
    printf7.o(i.__0vsprintf$7) refers to printf7.o(i._printf_core) for _printf_core
    printf7.o(i.__0vsprintf$7) refers to printf7.o(i._sputc) for _sputc
    printf7.o(i._printf_core) refers to printf7.o(i._printf_pre_padding) for _printf_pre_padding
    printf7.o(i._printf_core) refers to printf7.o(i._printf_post_padding) for _printf_post_padding
    printf7.o(i._printf_core) refers to uldiv.o(.text) for __aeabi_uldivmod
    printf8.o(i.__0fprintf$8) refers to printf8.o(i._printf_core) for _printf_core
    printf8.o(i.__0fprintf$8) refers to fputc.o(i.fputc) for fputc
    printf8.o(i.__0printf$8) refers to printf8.o(i._printf_core) for _printf_core
    printf8.o(i.__0printf$8) refers to fputc.o(i.fputc) for fputc
    printf8.o(i.__0printf$8) refers to stdout.o(.data) for __stdout
    printf8.o(i.__0snprintf$8) refers to printf8.o(i._printf_core) for _printf_core
    printf8.o(i.__0snprintf$8) refers to printf8.o(i._snputc) for _snputc
    printf8.o(i.__0sprintf$8) refers to printf8.o(i._printf_core) for _printf_core
    printf8.o(i.__0sprintf$8) refers to printf8.o(i._sputc) for _sputc
    printf8.o(i.__0vfprintf$8) refers to printf8.o(i._printf_core) for _printf_core
    printf8.o(i.__0vfprintf$8) refers to fputc.o(i.fputc) for fputc
    printf8.o(i.__0vprintf$8) refers to printf8.o(i._printf_core) for _printf_core
    printf8.o(i.__0vprintf$8) refers to fputc.o(i.fputc) for fputc
    printf8.o(i.__0vprintf$8) refers to stdout.o(.data) for __stdout
    printf8.o(i.__0vsnprintf$8) refers to printf8.o(i._printf_core) for _printf_core
    printf8.o(i.__0vsnprintf$8) refers to printf8.o(i._snputc) for _snputc
    printf8.o(i.__0vsprintf$8) refers to printf8.o(i._printf_core) for _printf_core
    printf8.o(i.__0vsprintf$8) refers to printf8.o(i._sputc) for _sputc
    printf8.o(i._printf_core) refers to printf8.o(i._printf_pre_padding) for _printf_pre_padding
    printf8.o(i._printf_core) refers to printf8.o(i._printf_post_padding) for _printf_post_padding
    printf8.o(i._printf_core) refers to uldiv.o(.text) for __aeabi_uldivmod
    printfa.o(i.__0fprintf) refers (Special) to iusefp.o(.text) for __I$use$fp
    printfa.o(i.__0fprintf) refers to printfa.o(i._printf_core) for _printf_core
    printfa.o(i.__0fprintf) refers to fputc.o(i.fputc) for fputc
    printfa.o(i.__0printf) refers (Special) to iusefp.o(.text) for __I$use$fp
    printfa.o(i.__0printf) refers to printfa.o(i._printf_core) for _printf_core
    printfa.o(i.__0printf) refers to fputc.o(i.fputc) for fputc
    printfa.o(i.__0printf) refers to stdout.o(.data) for __stdout
    printfa.o(i.__0snprintf) refers (Special) to iusefp.o(.text) for __I$use$fp
    printfa.o(i.__0snprintf) refers to printfa.o(i._printf_core) for _printf_core
    printfa.o(i.__0snprintf) refers to printfa.o(i._snputc) for _snputc
    printfa.o(i.__0sprintf) refers (Special) to iusefp.o(.text) for __I$use$fp
    printfa.o(i.__0sprintf) refers to printfa.o(i._printf_core) for _printf_core
    printfa.o(i.__0sprintf) refers to printfa.o(i._sputc) for _sputc
    printfa.o(i.__0vfprintf) refers (Special) to iusefp.o(.text) for __I$use$fp
    printfa.o(i.__0vfprintf) refers to printfa.o(i._printf_core) for _printf_core
    printfa.o(i.__0vfprintf) refers to fputc.o(i.fputc) for fputc
    printfa.o(i.__0vprintf) refers (Special) to iusefp.o(.text) for __I$use$fp
    printfa.o(i.__0vprintf) refers to printfa.o(i._printf_core) for _printf_core
    printfa.o(i.__0vprintf) refers to fputc.o(i.fputc) for fputc
    printfa.o(i.__0vprintf) refers to stdout.o(.data) for __stdout
    printfa.o(i.__0vsnprintf) refers (Special) to iusefp.o(.text) for __I$use$fp
    printfa.o(i.__0vsnprintf) refers to printfa.o(i._printf_core) for _printf_core
    printfa.o(i.__0vsnprintf) refers to printfa.o(i._snputc) for _snputc
    printfa.o(i.__0vsprintf) refers (Special) to iusefp.o(.text) for __I$use$fp
    printfa.o(i.__0vsprintf) refers to printfa.o(i._printf_core) for _printf_core
    printfa.o(i.__0vsprintf) refers to printfa.o(i._sputc) for _sputc
    printfa.o(i._fp_digits) refers (Special) to iusefp.o(.text) for __I$use$fp
    printfa.o(i._fp_digits) refers to dmul.o(.text) for __aeabi_dmul
    printfa.o(i._fp_digits) refers to ddiv.o(.text) for __aeabi_ddiv
    printfa.o(i._fp_digits) refers to cdrcmple.o(.text) for __aeabi_cdrcmple
    printfa.o(i._fp_digits) refers to dadd.o(.text) for __aeabi_dadd
    printfa.o(i._fp_digits) refers to dfixul.o(.text) for __aeabi_d2ulz
    printfa.o(i._fp_digits) refers to uldiv.o(.text) for __aeabi_uldivmod
    printfa.o(i._printf_core) refers (Special) to iusefp.o(.text) for __I$use$fp
    printfa.o(i._printf_core) refers to printfa.o(i._printf_pre_padding) for _printf_pre_padding
    printfa.o(i._printf_core) refers to uldiv.o(.text) for __aeabi_uldivmod
    printfa.o(i._printf_core) refers to printfa.o(i._printf_post_padding) for _printf_post_padding
    printfa.o(i._printf_core) refers to printfa.o(i._fp_digits) for _fp_digits
    printfa.o(i._printf_core) refers to uidiv.o(.text) for __aeabi_uidivmod
    printfa.o(i._printf_post_padding) refers (Special) to iusefp.o(.text) for __I$use$fp
    printfa.o(i._printf_pre_padding) refers (Special) to iusefp.o(.text) for __I$use$fp
    printfa.o(i._snputc) refers (Special) to iusefp.o(.text) for __I$use$fp
    printfa.o(i._sputc) refers (Special) to iusefp.o(.text) for __I$use$fp
    malloc.o(i.free) refers to mvars.o(.data) for __microlib_freelist
    malloc.o(i.malloc) refers to mvars.o(.data) for __microlib_freelist_initialised
    malloc.o(i.malloc) refers to mvars.o(.data) for __microlib_freelist
    malloc.o(i.malloc) refers to startup_stm32l011xx.o(HEAP) for __heap_base
    mallocr.o(i.__free$realloc) refers to mvars.o(.data) for __microlib_freelist
    mallocr.o(i.__malloc$realloc) refers to mallocr.o(i.internal_alloc) for internal_alloc
    mallocr.o(i.__malloc$realloc) refers to mvars.o(.data) for __microlib_freelist_initialised
    mallocr.o(i.__malloc$realloc) refers to startup_stm32l011xx.o(HEAP) for __heap_base
    mallocr.o(i.__malloc$realloc) refers to mvars.o(.data) for __microlib_freelist
    mallocr.o(i.internal_alloc) refers to memcpya.o(.text) for __aeabi_memcpy
    mallocr.o(i.internal_alloc) refers to mvars.o(.data) for __microlib_freelist
    mallocr.o(i.realloc) refers to mallocr.o(i.__free$realloc) for __free$realloc
    mallocr.o(i.realloc) refers to mallocr.o(i.internal_alloc) for internal_alloc
    mallocr.o(i.realloc) refers to mallocr.o(i.__malloc$realloc) for __malloc$realloc
    mallocr.o(i.realloc) refers to mvars.o(.data) for __microlib_freelist
    malloca.o(i.__aligned_malloc) refers to mvars.o(.data) for __microlib_freelist
    malloca.o(i.__aligned_malloc) refers to mvars.o(.data) for __microlib_freelist_initialised
    malloca.o(i.__aligned_malloc) refers to startup_stm32l011xx.o(HEAP) for __heap_base
    malloca.o(i.__free$memalign) refers to mvars.o(.data) for __microlib_freelist
    malloca.o(i.__malloc$memalign) refers to malloca.o(i.__aligned_malloc) for __aligned_malloc
    mallocra.o(i.__aligned_malloc$realloc) refers to mallocra.o(i.internal_alloc) for internal_alloc
    mallocra.o(i.__aligned_malloc$realloc) refers to startup_stm32l011xx.o(HEAP) for __heap_base
    mallocra.o(i.__aligned_malloc$realloc) refers to mvars.o(.data) for __microlib_freelist
    mallocra.o(i.__aligned_malloc$realloc) refers to mvars.o(.data) for __microlib_freelist_initialised
    mallocra.o(i.__free$realloc$memalign) refers to mvars.o(.data) for __microlib_freelist
    mallocra.o(i.__malloc$realloc$memalign) refers to mallocra.o(i.__aligned_malloc$realloc) for __aligned_malloc$realloc
    mallocra.o(i.__realloc$memalign) refers to mallocra.o(i.__free$realloc$memalign) for __free$realloc$memalign
    mallocra.o(i.__realloc$memalign) refers to mallocra.o(i.internal_alloc) for internal_alloc
    mallocra.o(i.__realloc$memalign) refers to mallocra.o(i.__malloc$realloc$memalign) for __malloc$realloc$memalign
    mallocra.o(i.__realloc$memalign) refers to mvars.o(.data) for __microlib_freelist
    mallocra.o(i.internal_alloc) refers to memcpya.o(.text) for __aeabi_memcpy
    mallocra.o(i.internal_alloc) refers to mvars.o(.data) for __microlib_freelist
    fflti.o(.text) refers (Special) to iusefp.o(.text) for __I$use$fp
    fflti.o(.text) refers to fepilogue.o(.text) for _float_epilogue
    entry2.o(.ARM.Collect$$$$00000001) refers to entry2.o(.ARM.Collect$$$$00002712) for __lit__00000000
    entry2.o(.ARM.Collect$$$$00002712) refers to startup_stm32l011xx.o(STACK) for __initial_sp
    entry2.o(__vectab_stack_and_reset_area) refers to startup_stm32l011xx.o(STACK) for __initial_sp
    entry2.o(__vectab_stack_and_reset_area) refers to entry.o(.ARM.Collect$$$$00000000) for __main
    entry5.o(.ARM.Collect$$$$00000004) refers to init.o(.text) for __scatterload
    entry9a.o(.ARM.Collect$$$$0000000B) refers to main.o(i.main) for main
    entry9b.o(.ARM.Collect$$$$0000000C) refers to main.o(i.main) for main
    fputc.o(i.fputc) refers (Special) to iusesemip.o(.text) for __I$use$semihosting$fputc
    fputc.o(i.fputc) refers (Special) to semi.o(.text) for __semihosting_library_function
    dadd.o(.text) refers to llshl.o(.text) for __aeabi_llsl
    dadd.o(.text) refers to llsshr.o(.text) for __aeabi_lasr
    dadd.o(.text) refers to depilogue.o(.text) for _double_epilogue
    dmul.o(.text) refers to depilogue.o(.text) for _double_epilogue
    ddiv.o(.text) refers to depilogue.o(.text) for _double_round
    dfixul.o(.text) refers to llushr.o(.text) for __aeabi_llsr
    dfixul.o(.text) refers to llshl.o(.text) for __aeabi_llsl
    init.o(.text) refers to entry5.o(.ARM.Collect$$$$00000004) for __main_after_scatterload
    depilogue.o(.text) refers to depilogue.o(i.__ARM_clz) for __ARM_clz
    depilogue.o(.text) refers to llshl.o(.text) for __aeabi_llsl
    depilogue.o(.text) refers to llushr.o(.text) for __aeabi_llsr


==============================================================================

Removing Unused input sections from the image.

    Removing startup_stm32l011xx.o(HEAP), (512 bytes).
    Removing main.o(.rev16_text), (4 bytes).
    Removing main.o(.revsh_text), (4 bytes).
    Removing main.o(.constdata), (5 bytes).
    Removing stm32l0xx_it.o(.rev16_text), (4 bytes).
    Removing stm32l0xx_it.o(.revsh_text), (4 bytes).
    Removing stm32l0xx_it.o(.constdata), (5 bytes).
    Removing stm32l0xx_it.o(.data), (4 bytes).
    Removing commperiph.o(.rev16_text), (4 bytes).
    Removing commperiph.o(.revsh_text), (4 bytes).
    Removing commperiph.o(i.transmit8SPI_gps), (28 bytes).
    Removing comport.o(.rev16_text), (4 bytes).
    Removing comport.o(.revsh_text), (4 bytes).
    Removing comport.o(.constdata), (5 bytes).
    Removing flash.o(.rev16_text), (4 bytes).
    Removing flash.o(.revsh_text), (4 bytes).
    Removing flash.o(i.FLASH_erasePage), (80 bytes).
    Removing flash.o(i.FLASH_unlockPrgm), (56 bytes).
    Removing flash.o(i.FLASH_writeWord), (68 bytes).
    Removing flash.o(.constdata), (5 bytes).
    Removing xbee.o(.rev16_text), (4 bytes).
    Removing xbee.o(.revsh_text), (4 bytes).
    Removing xbee.o(i.XB_CheckForDongle), (104 bytes).
    Removing xbee.o(i.XB_EnableXbee), (20 bytes).
    Removing xbee.o(i.XB_ExecuteCommand), (20 bytes).
    Removing xbee.o(i.XB_ParseCommand), (168 bytes).
    Removing xbee.o(i.XB_TransmitFixes), (76 bytes).
    Removing xbee.o(i.XB_XbeeSubroutine), (48 bytes).
    Removing xbee.o(.constdata), (5 bytes).
    Removing gps.o(.rev16_text), (4 bytes).
    Removing gps.o(.revsh_text), (4 bytes).
    Removing gps.o(i.GPS_ClockInByte), (24 bytes).
    Removing gps.o(i.GPS_GPSDisable), (20 bytes).
    Removing gps.o(i.GPS_GetDataWord), (64 bytes).
    Removing gps.o(i.GPS_SendByte), (32 bytes).
    Removing gps.o(i.GPS_SendData), (28 bytes).
    Removing gps.o(i.GPS_TestCommand), (44 bytes).
    Removing gps.o(i.GPS_UBX_requestMSG), (400 bytes).
    Removing gps.o(i.GPS_UBX_sendMSG), (520 bytes).
    Removing gps.o(i.clearGPSBuffer), (56 bytes).
    Removing gps.o(.constdata), (5 bytes).
    Removing timers.o(.rev16_text), (4 bytes).
    Removing timers.o(.revsh_text), (4 bytes).
    Removing timers.o(.constdata), (33 bytes).
    Removing scheduler.o(.rev16_text), (4 bytes).
    Removing scheduler.o(.revsh_text), (4 bytes).
    Removing stm32l0xx_ll_gpio.o(.rev16_text), (4 bytes).
    Removing stm32l0xx_ll_gpio.o(.revsh_text), (4 bytes).
    Removing stm32l0xx_ll_gpio.o(i.LL_GPIO_DeInit), (84 bytes).
    Removing stm32l0xx_ll_gpio.o(i.LL_GPIO_StructInit), (24 bytes).
    Removing stm32l0xx_ll_gpio.o(i.LL_IOP_GRP1_ForceReset), (16 bytes).
    Removing stm32l0xx_ll_gpio.o(i.LL_IOP_GRP1_ReleaseReset), (16 bytes).
    Removing stm32l0xx_ll_rtc.o(.rev16_text), (4 bytes).
    Removing stm32l0xx_ll_rtc.o(.revsh_text), (4 bytes).
    Removing stm32l0xx_ll_rtc.o(i.LL_RTC_ALMA_ConfigTime), (64 bytes).
    Removing stm32l0xx_ll_rtc.o(i.LL_RTC_ALMA_Init), (320 bytes).
    Removing stm32l0xx_ll_rtc.o(i.LL_RTC_ALMA_SetDay), (28 bytes).
    Removing stm32l0xx_ll_rtc.o(i.LL_RTC_ALMA_StructInit), (22 bytes).
    Removing stm32l0xx_ll_rtc.o(i.LL_RTC_ALMB_ConfigTime), (64 bytes).
    Removing stm32l0xx_ll_rtc.o(i.LL_RTC_ALMB_Init), (320 bytes).
    Removing stm32l0xx_ll_rtc.o(i.LL_RTC_ALMB_SetDay), (28 bytes).
    Removing stm32l0xx_ll_rtc.o(i.LL_RTC_ALMB_StructInit), (22 bytes).
    Removing stm32l0xx_ll_rtc.o(i.LL_RTC_DATE_StructInit), (14 bytes).
    Removing stm32l0xx_ll_rtc.o(i.LL_RTC_DeInit), (96 bytes).
    Removing stm32l0xx_ll_rtc.o(i.LL_RTC_ExitInitMode), (14 bytes).
    Removing stm32l0xx_ll_rtc.o(i.LL_RTC_Init), (88 bytes).
    Removing stm32l0xx_ll_rtc.o(i.LL_RTC_StructInit), (14 bytes).
    Removing stm32l0xx_ll_rtc.o(i.LL_RTC_TIME_StructInit), (12 bytes).
    Removing stm32l0xx_ll_spi.o(.rev16_text), (4 bytes).
    Removing stm32l0xx_ll_spi.o(.revsh_text), (4 bytes).
    Removing stm32l0xx_ll_spi.o(i.LL_SPI_DeInit), (52 bytes).
    Removing stm32l0xx_ll_spi.o(i.LL_SPI_StructInit), (26 bytes).
    Removing stm32l0xx_ll_dma.o(.rev16_text), (4 bytes).
    Removing stm32l0xx_ll_dma.o(.revsh_text), (4 bytes).
    Removing stm32l0xx_ll_dma.o(i.LL_DMA_DeInit), (252 bytes).
    Removing stm32l0xx_ll_dma.o(i.LL_DMA_Init), (136 bytes).
    Removing stm32l0xx_ll_dma.o(i.LL_DMA_SetPeriphRequest), (32 bytes).
    Removing stm32l0xx_ll_dma.o(i.LL_DMA_StructInit), (26 bytes).
    Removing stm32l0xx_ll_dma.o(.constdata), (5 bytes).
    Removing stm32l0xx_ll_pwr.o(.rev16_text), (4 bytes).
    Removing stm32l0xx_ll_pwr.o(.revsh_text), (4 bytes).
    Removing stm32l0xx_ll_pwr.o(i.LL_PWR_DeInit), (36 bytes).
    Removing stm32l0xx_ll_exti.o(.rev16_text), (4 bytes).
    Removing stm32l0xx_ll_exti.o(.revsh_text), (4 bytes).
    Removing stm32l0xx_ll_exti.o(i.LL_EXTI_DeInit), (36 bytes).
    Removing stm32l0xx_ll_exti.o(i.LL_EXTI_StructInit), (14 bytes).
    Removing stm32l0xx_ll_usart.o(.rev16_text), (4 bytes).
    Removing stm32l0xx_ll_usart.o(.revsh_text), (4 bytes).
    Removing stm32l0xx_ll_usart.o(i.LL_USART_ClockInit), (76 bytes).
    Removing stm32l0xx_ll_usart.o(i.LL_USART_ClockStructInit), (12 bytes).
    Removing stm32l0xx_ll_usart.o(i.LL_USART_DeInit), (56 bytes).
    Removing stm32l0xx_ll_usart.o(i.LL_USART_StructInit), (26 bytes).
    Removing stm32l0xx_ll_rcc.o(.rev16_text), (4 bytes).
    Removing stm32l0xx_ll_rcc.o(.revsh_text), (4 bytes).
    Removing stm32l0xx_ll_rcc.o(i.LL_RCC_DeInit), (228 bytes).
    Removing stm32l0xx_ll_rcc.o(i.LL_RCC_GetI2CClockFreq), (124 bytes).
    Removing stm32l0xx_ll_rcc.o(i.LL_RCC_GetLPTIMClockFreq), (148 bytes).
    Removing stm32l0xx_ll_rcc.o(i.LL_RCC_GetSystemClocksFreq), (36 bytes).
    Removing stm32l0xx_ll_rcc.o(i.RCC_GetPCLK2ClockFreq), (36 bytes).
    Removing stm32l0xx_ll_utils.o(.rev16_text), (4 bytes).
    Removing stm32l0xx_ll_utils.o(.revsh_text), (4 bytes).
    Removing stm32l0xx_ll_utils.o(i.LL_PLL_ConfigSystemClock_HSE), (148 bytes).
    Removing stm32l0xx_ll_utils.o(i.LL_PLL_ConfigSystemClock_HSI), (100 bytes).
    Removing stm32l0xx_ll_utils.o(i.LL_PWR_GetRegulVoltageScaling), (16 bytes).
    Removing stm32l0xx_ll_utils.o(i.LL_RCC_HSE_IsReady), (20 bytes).
    Removing stm32l0xx_ll_utils.o(i.LL_RCC_HSI_IsReady), (16 bytes).
    Removing stm32l0xx_ll_utils.o(i.LL_RCC_PLL_ConfigDomain_SYS), (32 bytes).
    Removing stm32l0xx_ll_utils.o(i.LL_RCC_PLL_IsReady), (20 bytes).
    Removing stm32l0xx_ll_utils.o(i.LL_mDelay), (48 bytes).
    Removing stm32l0xx_ll_utils.o(i.UTILS_EnablePLLAndSwitchSystem), (208 bytes).
    Removing stm32l0xx_ll_utils.o(i.UTILS_GetPLLOutputFrequency), (44 bytes).
    Removing stm32l0xx_ll_utils.o(i.UTILS_PLL_IsBusy), (18 bytes).
    Removing stm32l0xx_ll_utils.o(i.UTILS_SetFlashLatency), (124 bytes).
    Removing stm32l0xx_ll_lpuart.o(.rev16_text), (4 bytes).
    Removing stm32l0xx_ll_lpuart.o(.revsh_text), (4 bytes).
    Removing stm32l0xx_ll_lpuart.o(i.LL_LPUART_DeInit), (56 bytes).
    Removing stm32l0xx_ll_lpuart.o(i.LL_LPUART_StructInit), (24 bytes).
    Removing system_stm32l0xx.o(.rev16_text), (4 bytes).
    Removing system_stm32l0xx.o(.revsh_text), (4 bytes).
    Removing system_stm32l0xx.o(i.SystemCoreClockUpdate), (276 bytes).
    Removing dadd.o(.text), (356 bytes).
    Removing dmul.o(.text), (208 bytes).
    Removing ddiv.o(.text), (240 bytes).
    Removing dfixul.o(.text), (64 bytes).
    Removing cdrcmple.o(.text), (40 bytes).
    Removing depilogue.o(.text), (190 bytes).
    Removing commperiph.o(i.setCS_gps), (46 bytes).
    Removing depilogue.o(i.__ARM_clz), (46 bytes).

128 unused section(s) (total 7538 bytes) removed from the image.

==============================================================================

Image Symbol Table

    Local Symbols

    Symbol Name                              Value     Ov Type        Size  Object(Section)

    ../Drivers/STM32L0xx_HAL_Driver/Src/stm32l0xx_ll_dma.c 0x00000000   Number         0  stm32l0xx_ll_dma.o ABSOLUTE
    ../Drivers/STM32L0xx_HAL_Driver/Src/stm32l0xx_ll_exti.c 0x00000000   Number         0  stm32l0xx_ll_exti.o ABSOLUTE
    ../Drivers/STM32L0xx_HAL_Driver/Src/stm32l0xx_ll_gpio.c 0x00000000   Number         0  stm32l0xx_ll_gpio.o ABSOLUTE
    ../Drivers/STM32L0xx_HAL_Driver/Src/stm32l0xx_ll_pwr.c 0x00000000   Number         0  stm32l0xx_ll_pwr.o ABSOLUTE
    ../Drivers/STM32L0xx_HAL_Driver/Src/stm32l0xx_ll_rcc.c 0x00000000   Number         0  stm32l0xx_ll_rcc.o ABSOLUTE
    ../Drivers/STM32L0xx_HAL_Driver/Src/stm32l0xx_ll_rtc.c 0x00000000   Number         0  stm32l0xx_ll_rtc.o ABSOLUTE
    ../Drivers/STM32L0xx_HAL_Driver/Src/stm32l0xx_ll_spi.c 0x00000000   Number         0  stm32l0xx_ll_spi.o ABSOLUTE
    ../Drivers/STM32L0xx_HAL_Driver/Src/stm32l0xx_ll_usart.c 0x00000000   Number         0  stm32l0xx_ll_usart.o ABSOLUTE
    ../Drivers/STM32L0xx_HAL_Driver/Src/stm32l0xx_ll_utils.c 0x00000000   Number         0  stm32l0xx_ll_utils.o ABSOLUTE
    ../Src/main.c                            0x00000000   Number         0  main.o ABSOLUTE
    ../Src/stm32l0xx_it.c                    0x00000000   Number         0  stm32l0xx_it.o ABSOLUTE
    ../Src/system_stm32l0xx.c                0x00000000   Number         0  system_stm32l0xx.o ABSOLUTE
    ../clib/microlib/division.c              0x00000000   Number         0  uidiv.o ABSOLUTE
    ../clib/microlib/division.c              0x00000000   Number         0  idiv.o ABSOLUTE
    ../clib/microlib/division.c              0x00000000   Number         0  uldiv.o ABSOLUTE
    ../clib/microlib/init/entry.s            0x00000000   Number         0  entry11b.o ABSOLUTE
    ../clib/microlib/init/entry.s            0x00000000   Number         0  entry.o ABSOLUTE
    ../clib/microlib/init/entry.s            0x00000000   Number         0  entry8a.o ABSOLUTE
    ../clib/microlib/init/entry.s            0x00000000   Number         0  entry7b.o ABSOLUTE
    ../clib/microlib/init/entry.s            0x00000000   Number         0  entry11a.o ABSOLUTE
    ../clib/microlib/init/entry.s            0x00000000   Number         0  entry8b.o ABSOLUTE
    ../clib/microlib/init/entry.s            0x00000000   Number         0  entry7a.o ABSOLUTE
    ../clib/microlib/init/entry.s            0x00000000   Number         0  entry10b.o ABSOLUTE
    ../clib/microlib/init/entry.s            0x00000000   Number         0  entry5.o ABSOLUTE
    ../clib/microlib/init/entry.s            0x00000000   Number         0  entry10a.o ABSOLUTE
    ../clib/microlib/init/entry.s            0x00000000   Number         0  entry9b.o ABSOLUTE
    ../clib/microlib/init/entry.s            0x00000000   Number         0  entry9a.o ABSOLUTE
    ../clib/microlib/init/entry.s            0x00000000   Number         0  entry2.o ABSOLUTE
    ../clib/microlib/longlong.c              0x00000000   Number         0  llshl.o ABSOLUTE
    ../clib/microlib/longlong.c              0x00000000   Number         0  llsshr.o ABSOLUTE
    ../clib/microlib/longlong.c              0x00000000   Number         0  llushr.o ABSOLUTE
    ../clib/microlib/malloc/malloc.c         0x00000000   Number         0  malloc.o ABSOLUTE
    ../clib/microlib/malloc/malloc.c         0x00000000   Number         0  mallocra.o ABSOLUTE
    ../clib/microlib/malloc/malloc.c         0x00000000   Number         0  malloca.o ABSOLUTE
    ../clib/microlib/malloc/malloc.c         0x00000000   Number         0  mallocr.o ABSOLUTE
    ../clib/microlib/malloc/mvars.c          0x00000000   Number         0  mvars.o ABSOLUTE
    ../clib/microlib/printf/printf.c         0x00000000   Number         0  printf3.o ABSOLUTE
    ../clib/microlib/printf/printf.c         0x00000000   Number         0  printf2.o ABSOLUTE
    ../clib/microlib/printf/printf.c         0x00000000   Number         0  printf1.o ABSOLUTE
    ../clib/microlib/printf/printf.c         0x00000000   Number         0  printf0.o ABSOLUTE
    ../clib/microlib/printf/printf.c         0x00000000   Number         0  printfb.o ABSOLUTE
    ../clib/microlib/printf/printf.c         0x00000000   Number         0  printf5.o ABSOLUTE
    ../clib/microlib/printf/printf.c         0x00000000   Number         0  printfa.o ABSOLUTE
    ../clib/microlib/printf/printf.c         0x00000000   Number         0  printf8.o ABSOLUTE
    ../clib/microlib/printf/printf.c         0x00000000   Number         0  printf7.o ABSOLUTE
    ../clib/microlib/printf/printf.c         0x00000000   Number         0  printf6.o ABSOLUTE
    ../clib/microlib/printf/printf.c         0x00000000   Number         0  printf4.o ABSOLUTE
    ../clib/microlib/printf/stubs.s          0x00000000   Number         0  stubs.o ABSOLUTE
    ../clib/microlib/stdio/fputc.c           0x00000000   Number         0  fputc.o ABSOLUTE
    ../clib/microlib/stdio/semi.s            0x00000000   Number         0  semi.o ABSOLUTE
    ../clib/microlib/stdio/streams.c         0x00000000   Number         0  stdout.o ABSOLUTE
    ../clib/microlib/string/memcpy.c         0x00000000   Number         0  memcpyb.o ABSOLUTE
    ../clib/microlib/string/memcpy.c         0x00000000   Number         0  memcpya.o ABSOLUTE
    ../clib/microlib/string/memset.c         0x00000000   Number         0  memseta.o ABSOLUTE
    ../clib/microlib/string/strcmp.c         0x00000000   Number         0  strcmp.o ABSOLUTE
    ../clib/microlib/string/strlen.c         0x00000000   Number         0  strlen.o ABSOLUTE
    ../clib/microlib/string/strtok.c         0x00000000   Number         0  strtok.o ABSOLUTE
    ../clib/microlib/string/strtok.c         0x00000000   Number         0  strtok_r.o ABSOLUTE
    ../clib/microlib/stubs.s                 0x00000000   Number         0  iusesemip.o ABSOLUTE
    ../clib/microlib/stubs.s                 0x00000000   Number         0  iusefp.o ABSOLUTE
    ../fplib/microlib/fpadd.c                0x00000000   Number         0  dadd.o ABSOLUTE
    ../fplib/microlib/fpdiv.c                0x00000000   Number         0  ddiv.o ABSOLUTE
    ../fplib/microlib/fpepilogue.c           0x00000000   Number         0  depilogue.o ABSOLUTE
    ../fplib/microlib/fpepilogue.c           0x00000000   Number         0  fepilogue.o ABSOLUTE
    ../fplib/microlib/fpfix.c                0x00000000   Number         0  dfixul.o ABSOLUTE
    ../fplib/microlib/fpflt.c                0x00000000   Number         0  fflti.o ABSOLUTE
    ../fplib/microlib/fpmul.c                0x00000000   Number         0  dmul.o ABSOLUTE
    ..\Drivers\STM32L0xx_HAL_Driver\Src\stm32l0xx_ll_dma.c 0x00000000   Number         0  stm32l0xx_ll_dma.o ABSOLUTE
    ..\Drivers\STM32L0xx_HAL_Driver\Src\stm32l0xx_ll_exti.c 0x00000000   Number         0  stm32l0xx_ll_exti.o ABSOLUTE
    ..\Drivers\STM32L0xx_HAL_Driver\Src\stm32l0xx_ll_gpio.c 0x00000000   Number         0  stm32l0xx_ll_gpio.o ABSOLUTE
    ..\Drivers\STM32L0xx_HAL_Driver\Src\stm32l0xx_ll_lpuart.c 0x00000000   Number         0  stm32l0xx_ll_lpuart.o ABSOLUTE
    ..\Drivers\STM32L0xx_HAL_Driver\Src\stm32l0xx_ll_pwr.c 0x00000000   Number         0  stm32l0xx_ll_pwr.o ABSOLUTE
    ..\Drivers\STM32L0xx_HAL_Driver\Src\stm32l0xx_ll_rcc.c 0x00000000   Number         0  stm32l0xx_ll_rcc.o ABSOLUTE
    ..\Drivers\STM32L0xx_HAL_Driver\Src\stm32l0xx_ll_rtc.c 0x00000000   Number         0  stm32l0xx_ll_rtc.o ABSOLUTE
    ..\Drivers\STM32L0xx_HAL_Driver\Src\stm32l0xx_ll_spi.c 0x00000000   Number         0  stm32l0xx_ll_spi.o ABSOLUTE
    ..\Drivers\STM32L0xx_HAL_Driver\Src\stm32l0xx_ll_usart.c 0x00000000   Number         0  stm32l0xx_ll_usart.o ABSOLUTE
    ..\Drivers\STM32L0xx_HAL_Driver\Src\stm32l0xx_ll_utils.c 0x00000000   Number         0  stm32l0xx_ll_utils.o ABSOLUTE
    ..\Src\commPeriph.c                      0x00000000   Number         0  commperiph.o ABSOLUTE
    ..\Src\main.c                            0x00000000   Number         0  main.o ABSOLUTE
    ..\Src\stm32l0xx_it.c                    0x00000000   Number         0  stm32l0xx_it.o ABSOLUTE
    ..\Src\system_stm32l0xx.c                0x00000000   Number         0  system_stm32l0xx.o ABSOLUTE
    ..\\Drivers\\STM32L0xx_HAL_Driver\\Src\\stm32l0xx_ll_lpuart.c 0x00000000   Number         0  stm32l0xx_ll_lpuart.o ABSOLUTE
    ..\\Src\\commPeriph.c                    0x00000000   Number         0  commperiph.o ABSOLUTE
    cdrcmple.s                               0x00000000   Number         0  cdrcmple.o ABSOLUTE
    comport.c                                0x00000000   Number         0  comport.o ABSOLUTE
    comport.c                                0x00000000   Number         0  comport.o ABSOLUTE
    dc.s                                     0x00000000   Number         0  dc.o ABSOLUTE
    flash.c                                  0x00000000   Number         0  flash.o ABSOLUTE
    flash.c                                  0x00000000   Number         0  flash.o ABSOLUTE
    gps.c                                    0x00000000   Number         0  gps.o ABSOLUTE
    gps.c                                    0x00000000   Number         0  gps.o ABSOLUTE
    handlers.s                               0x00000000   Number         0  handlers.o ABSOLUTE
    init.s                                   0x00000000   Number         0  init.o ABSOLUTE
    scheduler.c                              0x00000000   Number         0  scheduler.o ABSOLUTE
    scheduler.c                              0x00000000   Number         0  scheduler.o ABSOLUTE
    startup_stm32l011xx.s                    0x00000000   Number         0  startup_stm32l011xx.o ABSOLUTE
    timers.c                                 0x00000000   Number         0  timers.o ABSOLUTE
    timers.c                                 0x00000000   Number         0  timers.o ABSOLUTE
    xbee.c                                   0x00000000   Number         0  xbee.o ABSOLUTE
    xbee.c                                   0x00000000   Number         0  xbee.o ABSOLUTE
    RESET                                    0x08000000   Section      192  startup_stm32l011xx.o(RESET)
    .ARM.Collect$$$$00000000                 0x080000c0   Section        0  entry.o(.ARM.Collect$$$$00000000)
    .ARM.Collect$$$$00000001                 0x080000c0   Section        4  entry2.o(.ARM.Collect$$$$00000001)
    .ARM.Collect$$$$00000004                 0x080000c4   Section        4  entry5.o(.ARM.Collect$$$$00000004)
    .ARM.Collect$$$$00000008                 0x080000c8   Section        0  entry7b.o(.ARM.Collect$$$$00000008)
    .ARM.Collect$$$$0000000A                 0x080000c8   Section        0  entry8b.o(.ARM.Collect$$$$0000000A)
    .ARM.Collect$$$$0000000B                 0x080000c8   Section        8  entry9a.o(.ARM.Collect$$$$0000000B)
    .ARM.Collect$$$$0000000D                 0x080000d0   Section        0  entry10a.o(.ARM.Collect$$$$0000000D)
    .ARM.Collect$$$$0000000F                 0x080000d0   Section        0  entry11a.o(.ARM.Collect$$$$0000000F)
    .ARM.Collect$$$$00002712                 0x080000d0   Section        4  entry2.o(.ARM.Collect$$$$00002712)
    __lit__00000000                          0x080000d0   Data           4  entry2.o(.ARM.Collect$$$$00002712)
    .text                                    0x080000d4   Section       88  startup_stm32l011xx.o(.text)
    .text                                    0x0800012c   Section        0  uidiv.o(.text)
    .text                                    0x08000158   Section        0  idiv.o(.text)
    .text                                    0x08000180   Section        0  uldiv.o(.text)
    .text                                    0x080001e0   Section        0  memcpya.o(.text)
    .text                                    0x08000204   Section        0  memseta.o(.text)
    .text                                    0x08000228   Section        0  strlen.o(.text)
    .text                                    0x08000236   Section        0  strcmp.o(.text)
    .text                                    0x08000254   Section        0  strtok.o(.text)
    .text                                    0x0800029c   Section        0  fflti.o(.text)
    .text                                    0x080002b2   Section        0  llshl.o(.text)
    .text                                    0x080002d2   Section        0  llushr.o(.text)
    .text                                    0x080002f4   Section        0  iusefp.o(.text)
    .text                                    0x080002f4   Section        0  fepilogue.o(.text)
    .text                                    0x08000378   Section       36  init.o(.text)
    i.CC_CheckForHandshake                   0x0800039c   Section        0  comport.o(i.CC_CheckForHandshake)
    i.CC_ComPortPresent                      0x08000420   Section        0  comport.o(i.CC_ComPortPresent)
    i.CC_ConfigureXbee                       0x08000424   Section        0  comport.o(i.CC_ConfigureXbee)
    i.CC_ExecuteCommand                      0x080004a4   Section        0  comport.o(i.CC_ExecuteCommand)
    i.CC_ParseCommand                        0x080004e8   Section        0  comport.o(i.CC_ParseCommand)
    i.CC_ReadProgram                         0x08000620   Section        0  comport.o(i.CC_ReadProgram)
    i.CC_SendByte                            0x08000648   Section        0  comport.o(i.CC_SendByte)
    i.CC_SendData                            0x08000668   Section        0  comport.o(i.CC_SendData)
    i.CC_SendTimestamp                       0x08000684   Section        0  comport.o(i.CC_SendTimestamp)
    i.CC_SetProgram                          0x0800072c   Section        0  comport.o(i.CC_SetProgram)
    i.CC_SetRTC                              0x080007e8   Section        0  comport.o(i.CC_SetRTC)
    i.Error_Handler                          0x080009ac   Section        0  main.o(i.Error_Handler)
    i.FLASH_Lock                             0x080009b0   Section        0  flash.o(i.FLASH_Lock)
    i.FLASH_ReadData                         0x080009d0   Section        0  flash.o(i.FLASH_ReadData)
    i.FLASH_Unlock                           0x080009ec   Section        0  flash.o(i.FLASH_Unlock)
    i.FLASH_WriteByte                        0x08000a18   Section        0  flash.o(i.FLASH_WriteByte)
    i.FLASH_WriteData                        0x08000a22   Section        0  flash.o(i.FLASH_WriteData)
    i.FLASH_saveFix                          0x08000a4e   Section        0  flash.o(i.FLASH_saveFix)
    i.GPS_GPSCSHigh                          0x08000a50   Section        0  gps.o(i.GPS_GPSCSHigh)
    i.GPS_GPSCSLow                           0x08000a64   Section        0  gps.o(i.GPS_GPSCSLow)
    i.GPS_GPSEnable                          0x08000a78   Section        0  gps.o(i.GPS_GPSEnable)
    i.GPS_UBX_enablePUBX_Position            0x08000a8c   Section        0  gps.o(i.GPS_UBX_enablePUBX_Position)
    i.GPS_getNMEA                            0x08000ae4   Section        0  gps.o(i.GPS_getNMEA)
    i.GPS_subroutine                         0x08000ce4   Section        0  gps.o(i.GPS_subroutine)
    i.HardFault_Handler                      0x08000d60   Section        0  stm32l0xx_it.o(i.HardFault_Handler)
    i.LL_APB1_GRP1_EnableClock               0x08000d64   Section        0  main.o(i.LL_APB1_GRP1_EnableClock)
    LL_APB1_GRP1_EnableClock                 0x08000d65   Thumb Code    24  main.o(i.LL_APB1_GRP1_EnableClock)
    i.LL_APB2_GRP1_EnableClock               0x08000d80   Section        0  main.o(i.LL_APB2_GRP1_EnableClock)
    LL_APB2_GRP1_EnableClock                 0x08000d81   Thumb Code    24  main.o(i.LL_APB2_GRP1_EnableClock)
    i.LL_EXTI_DisableEvent_0_31              0x08000d9c   Section        0  stm32l0xx_ll_exti.o(i.LL_EXTI_DisableEvent_0_31)
    LL_EXTI_DisableEvent_0_31                0x08000d9d   Thumb Code    12  stm32l0xx_ll_exti.o(i.LL_EXTI_DisableEvent_0_31)
    i.LL_EXTI_DisableIT_0_31                 0x08000dac   Section        0  stm32l0xx_ll_exti.o(i.LL_EXTI_DisableIT_0_31)
    LL_EXTI_DisableIT_0_31                   0x08000dad   Thumb Code    12  stm32l0xx_ll_exti.o(i.LL_EXTI_DisableIT_0_31)
    i.LL_EXTI_EnableEvent_0_31               0x08000dbc   Section        0  stm32l0xx_ll_exti.o(i.LL_EXTI_EnableEvent_0_31)
    LL_EXTI_EnableEvent_0_31                 0x08000dbd   Thumb Code    12  stm32l0xx_ll_exti.o(i.LL_EXTI_EnableEvent_0_31)
    i.LL_EXTI_EnableFallingTrig_0_31         0x08000dcc   Section        0  stm32l0xx_ll_exti.o(i.LL_EXTI_EnableFallingTrig_0_31)
    LL_EXTI_EnableFallingTrig_0_31           0x08000dcd   Thumb Code    12  stm32l0xx_ll_exti.o(i.LL_EXTI_EnableFallingTrig_0_31)
    i.LL_EXTI_EnableIT_0_31                  0x08000ddc   Section        0  stm32l0xx_ll_exti.o(i.LL_EXTI_EnableIT_0_31)
    LL_EXTI_EnableIT_0_31                    0x08000ddd   Thumb Code    12  stm32l0xx_ll_exti.o(i.LL_EXTI_EnableIT_0_31)
    i.LL_EXTI_EnableRisingTrig_0_31          0x08000dec   Section        0  stm32l0xx_ll_exti.o(i.LL_EXTI_EnableRisingTrig_0_31)
    LL_EXTI_EnableRisingTrig_0_31            0x08000ded   Thumb Code    12  stm32l0xx_ll_exti.o(i.LL_EXTI_EnableRisingTrig_0_31)
    i.LL_EXTI_Init                           0x08000dfc   Section        0  stm32l0xx_ll_exti.o(i.LL_EXTI_Init)
    i.LL_GPIO_Init                           0x08000eb8   Section        0  stm32l0xx_ll_gpio.o(i.LL_GPIO_Init)
    i.LL_GPIO_ResetOutputPin                 0x08000fb6   Section        0  main.o(i.LL_GPIO_ResetOutputPin)
    LL_GPIO_ResetOutputPin                   0x08000fb7   Thumb Code     4  main.o(i.LL_GPIO_ResetOutputPin)
    i.LL_GPIO_SetPinMode                     0x08000fba   Section        0  main.o(i.LL_GPIO_SetPinMode)
    LL_GPIO_SetPinMode                       0x08000fbb   Thumb Code    26  main.o(i.LL_GPIO_SetPinMode)
    i.LL_GPIO_SetPinPull                     0x08000fd4   Section        0  main.o(i.LL_GPIO_SetPinPull)
    LL_GPIO_SetPinPull                       0x08000fd5   Thumb Code    26  main.o(i.LL_GPIO_SetPinPull)
    i.LL_IOP_GRP1_EnableClock                0x08000ff0   Section        0  main.o(i.LL_IOP_GRP1_EnableClock)
    LL_IOP_GRP1_EnableClock                  0x08000ff1   Thumb Code    24  main.o(i.LL_IOP_GRP1_EnableClock)
    i.LL_Init1msTick                         0x0800100c   Section        0  stm32l0xx_ll_utils.o(i.LL_Init1msTick)
    i.LL_LPUART_Init                         0x08001034   Section        0  stm32l0xx_ll_lpuart.o(i.LL_LPUART_Init)
    i.LL_RCC_EnableRTC                       0x080010d0   Section        0  main.o(i.LL_RCC_EnableRTC)
    LL_RCC_EnableRTC                         0x080010d1   Thumb Code    16  main.o(i.LL_RCC_EnableRTC)
    i.LL_RCC_GetLPUARTClockFreq              0x080010e4   Section        0  stm32l0xx_ll_rcc.o(i.LL_RCC_GetLPUARTClockFreq)
    i.LL_RCC_GetUSARTClockFreq               0x08001160   Section        0  stm32l0xx_ll_rcc.o(i.LL_RCC_GetUSARTClockFreq)
    i.LL_RCC_HSI_IsReady                     0x080011e0   Section        0  stm32l0xx_ll_rcc.o(i.LL_RCC_HSI_IsReady)
    LL_RCC_HSI_IsReady                       0x080011e1   Thumb Code    12  stm32l0xx_ll_rcc.o(i.LL_RCC_HSI_IsReady)
    i.LL_RCC_IsActiveFlag_HSIDIV             0x080011f0   Section        0  stm32l0xx_ll_rcc.o(i.LL_RCC_IsActiveFlag_HSIDIV)
    LL_RCC_IsActiveFlag_HSIDIV               0x080011f1   Thumb Code    12  stm32l0xx_ll_rcc.o(i.LL_RCC_IsActiveFlag_HSIDIV)
    i.LL_RCC_LSE_IsReady                     0x08001200   Section        0  stm32l0xx_ll_rcc.o(i.LL_RCC_LSE_IsReady)
    LL_RCC_LSE_IsReady                       0x08001201   Thumb Code    14  stm32l0xx_ll_rcc.o(i.LL_RCC_LSE_IsReady)
    i.LL_RCC_MSI_GetRange                    0x08001214   Section        0  stm32l0xx_ll_rcc.o(i.LL_RCC_MSI_GetRange)
    LL_RCC_MSI_GetRange                      0x08001215   Thumb Code    12  stm32l0xx_ll_rcc.o(i.LL_RCC_MSI_GetRange)
    i.LL_RTC_DATE_Config                     0x08001224   Section        0  stm32l0xx_ll_rtc.o(i.LL_RTC_DATE_Config)
    LL_RTC_DATE_Config                       0x08001225   Thumb Code    62  stm32l0xx_ll_rtc.o(i.LL_RTC_DATE_Config)
    i.LL_RTC_DATE_GetDay                     0x08001268   Section        0  comport.o(i.LL_RTC_DATE_GetDay)
    LL_RTC_DATE_GetDay                       0x08001269   Thumb Code    24  comport.o(i.LL_RTC_DATE_GetDay)
    i.LL_RTC_DATE_GetMonth                   0x08001280   Section        0  comport.o(i.LL_RTC_DATE_GetMonth)
    LL_RTC_DATE_GetMonth                     0x08001281   Thumb Code    34  comport.o(i.LL_RTC_DATE_GetMonth)
    i.LL_RTC_DATE_GetWeekDay                 0x080012a2   Section        0  comport.o(i.LL_RTC_DATE_GetWeekDay)
    LL_RTC_DATE_GetWeekDay                   0x080012a3   Thumb Code    14  comport.o(i.LL_RTC_DATE_GetWeekDay)
    i.LL_RTC_DATE_GetYear                    0x080012b0   Section        0  comport.o(i.LL_RTC_DATE_GetYear)
    LL_RTC_DATE_GetYear                      0x080012b1   Thumb Code    34  comport.o(i.LL_RTC_DATE_GetYear)
    i.LL_RTC_DATE_Init                       0x080012d4   Section        0  stm32l0xx_ll_rtc.o(i.LL_RTC_DATE_Init)
    i.LL_RTC_DisableInitMode                 0x080013a8   Section        0  stm32l0xx_ll_rtc.o(i.LL_RTC_DisableInitMode)
    LL_RTC_DisableInitMode                   0x080013a9   Thumb Code     8  stm32l0xx_ll_rtc.o(i.LL_RTC_DisableInitMode)
    i.LL_RTC_DisableWriteProtection          0x080013b0   Section        0  stm32l0xx_ll_rtc.o(i.LL_RTC_DisableWriteProtection)
    LL_RTC_DisableWriteProtection            0x080013b1   Thumb Code    10  stm32l0xx_ll_rtc.o(i.LL_RTC_DisableWriteProtection)
    i.LL_RTC_EnableWriteProtection           0x080013ba   Section        0  stm32l0xx_ll_rtc.o(i.LL_RTC_EnableWriteProtection)
    LL_RTC_EnableWriteProtection             0x080013bb   Thumb Code     6  stm32l0xx_ll_rtc.o(i.LL_RTC_EnableWriteProtection)
    i.LL_RTC_EnterInitMode                   0x080013c0   Section        0  stm32l0xx_ll_rtc.o(i.LL_RTC_EnterInitMode)
    i.LL_RTC_GetHourFormat                   0x08001414   Section        0  stm32l0xx_ll_rtc.o(i.LL_RTC_GetHourFormat)
    LL_RTC_GetHourFormat                     0x08001415   Thumb Code    10  stm32l0xx_ll_rtc.o(i.LL_RTC_GetHourFormat)
    i.LL_RTC_IsActiveFlag_INIT               0x0800141e   Section        0  stm32l0xx_ll_rtc.o(i.LL_RTC_IsActiveFlag_INIT)
    LL_RTC_IsActiveFlag_INIT                 0x0800141f   Thumb Code    12  stm32l0xx_ll_rtc.o(i.LL_RTC_IsActiveFlag_INIT)
    i.LL_RTC_IsActiveFlag_RS                 0x0800142a   Section        0  stm32l0xx_ll_rtc.o(i.LL_RTC_IsActiveFlag_RS)
    LL_RTC_IsActiveFlag_RS                   0x0800142b   Thumb Code    12  stm32l0xx_ll_rtc.o(i.LL_RTC_IsActiveFlag_RS)
    i.LL_RTC_IsShadowRegBypassEnabled        0x08001436   Section        0  stm32l0xx_ll_rtc.o(i.LL_RTC_IsShadowRegBypassEnabled)
    LL_RTC_IsShadowRegBypassEnabled          0x08001437   Thumb Code    12  stm32l0xx_ll_rtc.o(i.LL_RTC_IsShadowRegBypassEnabled)
    i.LL_RTC_TIME_Config                     0x08001444   Section        0  stm32l0xx_ll_rtc.o(i.LL_RTC_TIME_Config)
    LL_RTC_TIME_Config                       0x08001445   Thumb Code    60  stm32l0xx_ll_rtc.o(i.LL_RTC_TIME_Config)
    i.LL_RTC_TIME_GetHour                    0x08001484   Section        0  comport.o(i.LL_RTC_TIME_GetHour)
    LL_RTC_TIME_GetHour                      0x08001485   Thumb Code    34  comport.o(i.LL_RTC_TIME_GetHour)
    i.LL_RTC_TIME_GetMinute                  0x080014a6   Section        0  comport.o(i.LL_RTC_TIME_GetMinute)
    LL_RTC_TIME_GetMinute                    0x080014a7   Thumb Code    34  comport.o(i.LL_RTC_TIME_GetMinute)
    i.LL_RTC_TIME_GetSecond                  0x080014c8   Section        0  comport.o(i.LL_RTC_TIME_GetSecond)
    LL_RTC_TIME_GetSecond                    0x080014c9   Thumb Code    24  comport.o(i.LL_RTC_TIME_GetSecond)
    i.LL_RTC_TIME_Init                       0x080014e0   Section        0  stm32l0xx_ll_rtc.o(i.LL_RTC_TIME_Init)
    i.LL_RTC_WaitForSynchro                  0x080015c0   Section        0  stm32l0xx_ll_rtc.o(i.LL_RTC_WaitForSynchro)
    i.LL_SPI_Init                            0x08001650   Section        0  stm32l0xx_ll_spi.o(i.LL_SPI_Init)
    i.LL_SPI_ReceiveData8                    0x080016bc   Section        0  gps.o(i.LL_SPI_ReceiveData8)
    LL_SPI_ReceiveData8                      0x080016bd   Thumb Code     8  gps.o(i.LL_SPI_ReceiveData8)
    i.LL_SPI_TransmitData8                   0x080016c4   Section        0  gps.o(i.LL_SPI_TransmitData8)
    LL_SPI_TransmitData8                     0x080016c5   Thumb Code     4  gps.o(i.LL_SPI_TransmitData8)
    i.LL_SYSCFG_SetEXTISource                0x080016c8   Section        0  main.o(i.LL_SYSCFG_SetEXTISource)
    LL_SYSCFG_SetEXTISource                  0x080016c9   Thumb Code    36  main.o(i.LL_SYSCFG_SetEXTISource)
    i.LL_SYSTICK_IsActiveCounterFlag         0x080016f0   Section        0  stm32l0xx_ll_rtc.o(i.LL_SYSTICK_IsActiveCounterFlag)
    LL_SYSTICK_IsActiveCounterFlag           0x080016f1   Thumb Code    14  stm32l0xx_ll_rtc.o(i.LL_SYSTICK_IsActiveCounterFlag)
    i.LL_SetSystemCoreClock                  0x08001704   Section        0  stm32l0xx_ll_utils.o(i.LL_SetSystemCoreClock)
    i.LL_USART_Enable                        0x08001710   Section        0  main.o(i.LL_USART_Enable)
    LL_USART_Enable                          0x08001711   Thumb Code    10  main.o(i.LL_USART_Enable)
    i.LL_USART_Init                          0x0800171c   Section        0  stm32l0xx_ll_usart.o(i.LL_USART_Init)
    i.LL_USART_IsEnabled                     0x080017ec   Section        0  stm32l0xx_ll_usart.o(i.LL_USART_IsEnabled)
    LL_USART_IsEnabled                       0x080017ed   Thumb Code    16  stm32l0xx_ll_usart.o(i.LL_USART_IsEnabled)
    i.LPUART1_IRQHandler                     0x080017fc   Section        0  stm32l0xx_it.o(i.LPUART1_IRQHandler)
    i.MX_GPIO_Init                           0x08001838   Section        0  main.o(i.MX_GPIO_Init)
    MX_GPIO_Init                             0x08001839   Thumb Code   356  main.o(i.MX_GPIO_Init)
    i.MX_LPUART1_UART_Init                   0x080019a8   Section        0  main.o(i.MX_LPUART1_UART_Init)
    MX_LPUART1_UART_Init                     0x080019a9   Thumb Code   144  main.o(i.MX_LPUART1_UART_Init)
    i.MX_RTC_Init                            0x08001a3c   Section        0  main.o(i.MX_RTC_Init)
    MX_RTC_Init                              0x08001a3d   Thumb Code    76  main.o(i.MX_RTC_Init)
    i.MX_SPI1_Init                           0x08001a8c   Section        0  main.o(i.MX_SPI1_Init)
    MX_SPI1_Init                             0x08001a8d   Thumb Code   212  main.o(i.MX_SPI1_Init)
    i.MX_USART2_UART_Init                    0x08001b64   Section        0  main.o(i.MX_USART2_UART_Init)
    MX_USART2_UART_Init                      0x08001b65   Thumb Code   188  main.o(i.MX_USART2_UART_Init)
    i.NMI_Handler                            0x08001c24   Section        0  stm32l0xx_it.o(i.NMI_Handler)
    i.NVIC_EnableIRQ                         0x08001c28   Section        0  main.o(i.NVIC_EnableIRQ)
    NVIC_EnableIRQ                           0x08001c29   Thumb Code    14  main.o(i.NVIC_EnableIRQ)
    i.NVIC_SetPriority                       0x08001c3c   Section        0  main.o(i.NVIC_SetPriority)
    NVIC_SetPriority                         0x08001c3d   Thumb Code   110  main.o(i.NVIC_SetPriority)
    i.PendSV_Handler                         0x08001cb4   Section        0  stm32l0xx_it.o(i.PendSV_Handler)
    i.RCC_GetHCLKClockFreq                   0x08001cb8   Section        0  stm32l0xx_ll_rcc.o(i.RCC_GetHCLKClockFreq)
    i.RCC_GetPCLK1ClockFreq                  0x08001cdc   Section        0  stm32l0xx_ll_rcc.o(i.RCC_GetPCLK1ClockFreq)
    i.RCC_GetSystemClockFreq                 0x08001d00   Section        0  stm32l0xx_ll_rcc.o(i.RCC_GetSystemClockFreq)
    i.RCC_PLL_GetFreqDomain_SYS              0x08001d70   Section        0  stm32l0xx_ll_rcc.o(i.RCC_PLL_GetFreqDomain_SYS)
    i.RTC_IRQHandler                         0x08001ddc   Section        0  stm32l0xx_it.o(i.RTC_IRQHandler)
    i.RTC_getTimeDate                        0x08001e1c   Section        0  timers.o(i.RTC_getTimeDate)
    i.RTC_initAlarm                          0x08001f08   Section        0  timers.o(i.RTC_initAlarm)
    i.RTC_setTimeDate                        0x08001fa4   Section        0  timers.o(i.RTC_setTimeDate)
    i.SVC_Handler                            0x08001fc0   Section        0  stm32l0xx_it.o(i.SVC_Handler)
    i.SysTick_Handler                        0x08001fc2   Section        0  stm32l0xx_it.o(i.SysTick_Handler)
    i.SystemClock_Config                     0x08001fc4   Section        0  main.o(i.SystemClock_Config)
    i.SystemInit                             0x080021ac   Section        0  system_stm32l0xx.o(i.SystemInit)
    i.TIM2_delay                             0x08002214   Section        0  timers.o(i.TIM2_delay)
    i.TIM2_init                              0x08002240   Section        0  timers.o(i.TIM2_init)
    i.TIM2_initDelay_inline                  0x0800225c   Section        0  timers.o(i.TIM2_initDelay_inline)
    i.USART2_IRQHandler                      0x08002274   Section        0  stm32l0xx_it.o(i.USART2_IRQHandler)
    i.XB_ConfigureDevice                     0x080022a4   Section        0  xbee.o(i.XB_ConfigureDevice)
    i.XB_DisableXbee                         0x08002450   Section        0  xbee.o(i.XB_DisableXbee)
    i.XB_GetConfig                           0x08002464   Section        0  xbee.o(i.XB_GetConfig)
    i.XB_GetResponse                         0x080024e0   Section        0  xbee.o(i.XB_GetResponse)
    i.XB_GetSN                               0x08002588   Section        0  xbee.o(i.XB_GetSN)
    i.XB_SendByte                            0x08002604   Section        0  xbee.o(i.XB_SendByte)
    i.XB_SendData                            0x08002624   Section        0  xbee.o(i.XB_SendData)
    i.__0sprintf$5                           0x08002640   Section        0  printf5.o(i.__0sprintf$5)
    i.__ARM_common_ll_muluu                  0x08002668   Section        0  stm32l0xx_ll_lpuart.o(i.__ARM_common_ll_muluu)
    i.__ARM_common_switch8                   0x08002698   Section        0  comport.o(i.__ARM_common_switch8)
    i.__scatterload_copy                     0x080026b4   Section       14  handlers.o(i.__scatterload_copy)
    i.__scatterload_null                     0x080026c2   Section        2  handlers.o(i.__scatterload_null)
    i.__scatterload_zeroinit                 0x080026c4   Section       14  handlers.o(i.__scatterload_zeroinit)
    i._printf_core                           0x080026d4   Section        0  printf5.o(i._printf_core)
    _printf_core                             0x080026d5   Thumb Code   688  printf5.o(i._printf_core)
    i._sputc                                 0x080029b0   Section        0  printf5.o(i._sputc)
    _sputc                                   0x080029b1   Thumb Code    10  printf5.o(i._sputc)
    i.main                                   0x080029bc   Section        0  main.o(i.main)
    i.scheduler                              0x08002a98   Section        0  scheduler.o(i.scheduler)
    .constdata                               0x08002bac   Section       33  system_stm32l0xx.o(.constdata)
    .data                                    0x20000000   Section       12  main.o(.data)
    .data                                    0x2000000c   Section       12  comport.o(.data)
    .data                                    0x20000018   Section       20  xbee.o(.data)
    .data                                    0x2000002c   Section        2  scheduler.o(.data)
    gps_lastHours                            0x2000002c   Data           1  scheduler.o(.data)
    gps_lastMins                             0x2000002d   Data           1  scheduler.o(.data)
    .data                                    0x20000030   Section        4  system_stm32l0xx.o(.data)
    .data                                    0x20000034   Section        4  strtok.o(.data)
    state                                    0x20000034   Data           4  strtok.o(.data)
    .bss                                     0x20000038   Section       64  comport.o(.bss)
    .bss                                     0x20000078   Section       64  xbee.o(.bss)
    STACK                                    0x200000b8   Section     1024  startup_stm32l011xx.o(STACK)

    Global Symbols

    Symbol Name                              Value     Ov Type        Size  Object(Section)

    BuildAttributes$$THM_ISAv3M$S$PE$A:L22$X:L11$S22$IEEE1$IW$USESV6$~STKCKD$USESV7$~SHL$OTIME$ROPI$EBA8$MICROLIB$REQ8$PRES8$EABIv2 0x00000000   Number         0  anon$$obj.o ABSOLUTE
    __ARM_use_no_argv                        0x00000000   Number         0  main.o ABSOLUTE
    _printf_a                                0x00000000   Number         0  stubs.o ABSOLUTE
    _printf_c                                0x00000000   Number         0  stubs.o ABSOLUTE
    _printf_charcount                        0x00000000   Number         0  stubs.o ABSOLUTE
    _printf_d                                0x00000000   Number         0  stubs.o ABSOLUTE
    _printf_e                                0x00000000   Number         0  stubs.o ABSOLUTE
    _printf_f                                0x00000000   Number         0  stubs.o ABSOLUTE
    _printf_flags                            0x00000000   Number         0  stubs.o ABSOLUTE
    _printf_fp_dec                           0x00000000   Number         0  stubs.o ABSOLUTE
    _printf_fp_hex                           0x00000000   Number         0  stubs.o ABSOLUTE
    _printf_g                                0x00000000   Number         0  stubs.o ABSOLUTE
    _printf_i                                0x00000000   Number         0  stubs.o ABSOLUTE
    _printf_int_dec                          0x00000000   Number         0  stubs.o ABSOLUTE
    _printf_l                                0x00000000   Number         0  stubs.o ABSOLUTE
    _printf_lc                               0x00000000   Number         0  stubs.o ABSOLUTE
    _printf_ll                               0x00000000   Number         0  stubs.o ABSOLUTE
    _printf_lld                              0x00000000   Number         0  stubs.o ABSOLUTE
    _printf_lli                              0x00000000   Number         0  stubs.o ABSOLUTE
    _printf_llo                              0x00000000   Number         0  stubs.o ABSOLUTE
    _printf_llu                              0x00000000   Number         0  stubs.o ABSOLUTE
    _printf_llx                              0x00000000   Number         0  stubs.o ABSOLUTE
    _printf_longlong_dec                     0x00000000   Number         0  stubs.o ABSOLUTE
    _printf_longlong_hex                     0x00000000   Number         0  stubs.o ABSOLUTE
    _printf_longlong_oct                     0x00000000   Number         0  stubs.o ABSOLUTE
    _printf_ls                               0x00000000   Number         0  stubs.o ABSOLUTE
    _printf_mbtowc                           0x00000000   Number         0  stubs.o ABSOLUTE
    _printf_n                                0x00000000   Number         0  stubs.o ABSOLUTE
    _printf_o                                0x00000000   Number         0  stubs.o ABSOLUTE
    _printf_p                                0x00000000   Number         0  stubs.o ABSOLUTE
    _printf_percent                          0x00000000   Number         0  stubs.o ABSOLUTE
    _printf_pre_padding                      0x00000000   Number         0  stubs.o ABSOLUTE
    _printf_return_value                     0x00000000   Number         0  stubs.o ABSOLUTE
    _printf_s                                0x00000000   Number         0  stubs.o ABSOLUTE
    _printf_sizespec                         0x00000000   Number         0  stubs.o ABSOLUTE
    _printf_str                              0x00000000   Number         0  stubs.o ABSOLUTE
    _printf_truncate_signed                  0x00000000   Number         0  stubs.o ABSOLUTE
    _printf_truncate_unsigned                0x00000000   Number         0  stubs.o ABSOLUTE
    _printf_u                                0x00000000   Number         0  stubs.o ABSOLUTE
    _printf_wc                               0x00000000   Number         0  stubs.o ABSOLUTE
    _printf_wctomb                           0x00000000   Number         0  stubs.o ABSOLUTE
    _printf_widthprec                        0x00000000   Number         0  stubs.o ABSOLUTE
    _printf_x                                0x00000000   Number         0  stubs.o ABSOLUTE
    __cpp_initialize__aeabi_                  - Undefined Weak Reference
    __cxa_finalize                            - Undefined Weak Reference
    __decompress                              - Undefined Weak Reference
    _clock_init                               - Undefined Weak Reference
    _microlib_exit                            - Undefined Weak Reference
    __Vectors_Size                           0x000000c0   Number         0  startup_stm32l011xx.o ABSOLUTE
    __Vectors                                0x08000000   Data           4  startup_stm32l011xx.o(RESET)
    __Vectors_End                            0x080000c0   Data           0  startup_stm32l011xx.o(RESET)
    __main                                   0x080000c1   Thumb Code     0  entry.o(.ARM.Collect$$$$00000000)
    _main_stk                                0x080000c1   Thumb Code     0  entry2.o(.ARM.Collect$$$$00000001)
    _main_scatterload                        0x080000c5   Thumb Code     0  entry5.o(.ARM.Collect$$$$00000004)
    __main_after_scatterload                 0x080000c9   Thumb Code     0  entry5.o(.ARM.Collect$$$$00000004)
    _main_clock                              0x080000c9   Thumb Code     0  entry7b.o(.ARM.Collect$$$$00000008)
    _main_cpp_init                           0x080000c9   Thumb Code     0  entry8b.o(.ARM.Collect$$$$0000000A)
    _main_init                               0x080000c9   Thumb Code     0  entry9a.o(.ARM.Collect$$$$0000000B)
    __rt_final_cpp                           0x080000d1   Thumb Code     0  entry10a.o(.ARM.Collect$$$$0000000D)
    __rt_final_exit                          0x080000d1   Thumb Code     0  entry11a.o(.ARM.Collect$$$$0000000F)
    Reset_Handler                            0x080000d5   Thumb Code    38  startup_stm32l011xx.o(.text)
    ADC1_COMP_IRQHandler                     0x08000105   Thumb Code     0  startup_stm32l011xx.o(.text)
    DMA1_Channel1_IRQHandler                 0x08000105   Thumb Code     0  startup_stm32l011xx.o(.text)
    DMA1_Channel2_3_IRQHandler               0x08000105   Thumb Code     0  startup_stm32l011xx.o(.text)
    DMA1_Channel4_5_IRQHandler               0x08000105   Thumb Code     0  startup_stm32l011xx.o(.text)
    EXTI0_1_IRQHandler                       0x08000105   Thumb Code     0  startup_stm32l011xx.o(.text)
    EXTI2_3_IRQHandler                       0x08000105   Thumb Code     0  startup_stm32l011xx.o(.text)
    EXTI4_15_IRQHandler                      0x08000105   Thumb Code     0  startup_stm32l011xx.o(.text)
    FLASH_IRQHandler                         0x08000105   Thumb Code     0  startup_stm32l011xx.o(.text)
    I2C1_IRQHandler                          0x08000105   Thumb Code     0  startup_stm32l011xx.o(.text)
    LPTIM1_IRQHandler                        0x08000105   Thumb Code     0  startup_stm32l011xx.o(.text)
    PVD_IRQHandler                           0x08000105   Thumb Code     0  startup_stm32l011xx.o(.text)
    RCC_IRQHandler                           0x08000105   Thumb Code     0  startup_stm32l011xx.o(.text)
    SPI1_IRQHandler                          0x08000105   Thumb Code     0  startup_stm32l011xx.o(.text)
    TIM21_IRQHandler                         0x08000105   Thumb Code     0  startup_stm32l011xx.o(.text)
    TIM2_IRQHandler                          0x08000105   Thumb Code     0  startup_stm32l011xx.o(.text)
    WWDG_IRQHandler                          0x08000105   Thumb Code     0  startup_stm32l011xx.o(.text)
    __aeabi_uidiv                            0x0800012d   Thumb Code     0  uidiv.o(.text)
    __aeabi_uidivmod                         0x0800012d   Thumb Code    44  uidiv.o(.text)
    __aeabi_idiv                             0x08000159   Thumb Code     0  idiv.o(.text)
    __aeabi_idivmod                          0x08000159   Thumb Code    40  idiv.o(.text)
    __aeabi_uldivmod                         0x08000181   Thumb Code    96  uldiv.o(.text)
    __aeabi_memcpy                           0x080001e1   Thumb Code    36  memcpya.o(.text)
    __aeabi_memcpy4                          0x080001e1   Thumb Code     0  memcpya.o(.text)
    __aeabi_memcpy8                          0x080001e1   Thumb Code     0  memcpya.o(.text)
    __aeabi_memset                           0x08000205   Thumb Code    14  memseta.o(.text)
    __aeabi_memset4                          0x08000205   Thumb Code     0  memseta.o(.text)
    __aeabi_memset8                          0x08000205   Thumb Code     0  memseta.o(.text)
    __aeabi_memclr                           0x08000213   Thumb Code     4  memseta.o(.text)
    __aeabi_memclr4                          0x08000213   Thumb Code     0  memseta.o(.text)
    __aeabi_memclr8                          0x08000213   Thumb Code     0  memseta.o(.text)
    _memset$wrapper                          0x08000217   Thumb Code    18  memseta.o(.text)
    strlen                                   0x08000229   Thumb Code    14  strlen.o(.text)
    strcmp                                   0x08000237   Thumb Code    28  strcmp.o(.text)
    strtok                                   0x08000255   Thumb Code    68  strtok.o(.text)
    __aeabi_i2f                              0x0800029d   Thumb Code    22  fflti.o(.text)
    __aeabi_llsl                             0x080002b3   Thumb Code    32  llshl.o(.text)
    _ll_shift_l                              0x080002b3   Thumb Code     0  llshl.o(.text)
    __aeabi_llsr                             0x080002d3   Thumb Code    34  llushr.o(.text)
    _ll_ushift_r                             0x080002d3   Thumb Code     0  llushr.o(.text)
    __I$use$fp                               0x080002f5   Thumb Code     0  iusefp.o(.text)
    _float_round                             0x080002f5   Thumb Code    16  fepilogue.o(.text)
    _float_epilogue                          0x08000305   Thumb Code   114  fepilogue.o(.text)
    __scatterload                            0x08000379   Thumb Code    28  init.o(.text)
    __scatterload_rt2                        0x08000379   Thumb Code     0  init.o(.text)
    CC_CheckForHandshake                     0x0800039d   Thumb Code   110  comport.o(i.CC_CheckForHandshake)
    CC_ComPortPresent                        0x08000421   Thumb Code     4  comport.o(i.CC_ComPortPresent)
    CC_ConfigureXbee                         0x08000425   Thumb Code   112  comport.o(i.CC_ConfigureXbee)
    CC_ExecuteCommand                        0x080004a5   Thumb Code    68  comport.o(i.CC_ExecuteCommand)
    CC_ParseCommand                          0x080004e9   Thumb Code   238  comport.o(i.CC_ParseCommand)
    CC_ReadProgram                           0x08000621   Thumb Code    36  comport.o(i.CC_ReadProgram)
    CC_SendByte                              0x08000649   Thumb Code    28  comport.o(i.CC_SendByte)
    CC_SendData                              0x08000669   Thumb Code    28  comport.o(i.CC_SendData)
    CC_SendTimestamp                         0x08000685   Thumb Code   146  comport.o(i.CC_SendTimestamp)
    CC_SetProgram                            0x0800072d   Thumb Code   166  comport.o(i.CC_SetProgram)
    CC_SetRTC                                0x080007e9   Thumb Code   416  comport.o(i.CC_SetRTC)
    Error_Handler                            0x080009ad   Thumb Code     2  main.o(i.Error_Handler)
    FLASH_Lock                               0x080009b1   Thumb Code    28  flash.o(i.FLASH_Lock)
    FLASH_ReadData                           0x080009d1   Thumb Code    28  flash.o(i.FLASH_ReadData)
    FLASH_Unlock                             0x080009ed   Thumb Code    32  flash.o(i.FLASH_Unlock)
    FLASH_WriteByte                          0x08000a19   Thumb Code    10  flash.o(i.FLASH_WriteByte)
    FLASH_WriteData                          0x08000a23   Thumb Code    44  flash.o(i.FLASH_WriteData)
    FLASH_saveFix                            0x08000a4f   Thumb Code     2  flash.o(i.FLASH_saveFix)
    GPS_GPSCSHigh                            0x08000a51   Thumb Code    20  gps.o(i.GPS_GPSCSHigh)
    GPS_GPSCSLow                             0x08000a65   Thumb Code    20  gps.o(i.GPS_GPSCSLow)
    GPS_GPSEnable                            0x08000a79   Thumb Code    14  gps.o(i.GPS_GPSEnable)
    GPS_UBX_enablePUBX_Position              0x08000a8d   Thumb Code    68  gps.o(i.GPS_UBX_enablePUBX_Position)
    GPS_getNMEA                              0x08000ae5   Thumb Code   500  gps.o(i.GPS_getNMEA)
    GPS_subroutine                           0x08000ce5   Thumb Code   116  gps.o(i.GPS_subroutine)
    HardFault_Handler                        0x08000d61   Thumb Code     4  stm32l0xx_it.o(i.HardFault_Handler)
    LL_EXTI_Init                             0x08000dfd   Thumb Code   184  stm32l0xx_ll_exti.o(i.LL_EXTI_Init)
    LL_GPIO_Init                             0x08000eb9   Thumb Code   254  stm32l0xx_ll_gpio.o(i.LL_GPIO_Init)
    LL_Init1msTick                           0x0800100d   Thumb Code    34  stm32l0xx_ll_utils.o(i.LL_Init1msTick)
    LL_LPUART_Init                           0x08001035   Thumb Code   146  stm32l0xx_ll_lpuart.o(i.LL_LPUART_Init)
    LL_RCC_GetLPUARTClockFreq                0x080010e5   Thumb Code   110  stm32l0xx_ll_rcc.o(i.LL_RCC_GetLPUARTClockFreq)
    LL_RCC_GetUSARTClockFreq                 0x08001161   Thumb Code   116  stm32l0xx_ll_rcc.o(i.LL_RCC_GetUSARTClockFreq)
    LL_RTC_DATE_Init                         0x080012d5   Thumb Code   208  stm32l0xx_ll_rtc.o(i.LL_RTC_DATE_Init)
    LL_RTC_EnterInitMode                     0x080013c1   Thumb Code    84  stm32l0xx_ll_rtc.o(i.LL_RTC_EnterInitMode)
    LL_RTC_TIME_Init                         0x080014e1   Thumb Code   220  stm32l0xx_ll_rtc.o(i.LL_RTC_TIME_Init)
    LL_RTC_WaitForSynchro                    0x080015c1   Thumb Code   144  stm32l0xx_ll_rtc.o(i.LL_RTC_WaitForSynchro)
    LL_SPI_Init                              0x08001651   Thumb Code   102  stm32l0xx_ll_spi.o(i.LL_SPI_Init)
    LL_SetSystemCoreClock                    0x08001705   Thumb Code     6  stm32l0xx_ll_utils.o(i.LL_SetSystemCoreClock)
    LL_USART_Init                            0x0800171d   Thumb Code   194  stm32l0xx_ll_usart.o(i.LL_USART_Init)
    LPUART1_IRQHandler                       0x080017fd   Thumb Code    42  stm32l0xx_it.o(i.LPUART1_IRQHandler)
    NMI_Handler                              0x08001c25   Thumb Code     2  stm32l0xx_it.o(i.NMI_Handler)
    PendSV_Handler                           0x08001cb5   Thumb Code     2  stm32l0xx_it.o(i.PendSV_Handler)
    RCC_GetHCLKClockFreq                     0x08001cb9   Thumb Code    26  stm32l0xx_ll_rcc.o(i.RCC_GetHCLKClockFreq)
    RCC_GetPCLK1ClockFreq                    0x08001cdd   Thumb Code    26  stm32l0xx_ll_rcc.o(i.RCC_GetPCLK1ClockFreq)
    RCC_GetSystemClockFreq                   0x08001d01   Thumb Code    96  stm32l0xx_ll_rcc.o(i.RCC_GetSystemClockFreq)
    RCC_PLL_GetFreqDomain_SYS                0x08001d71   Thumb Code    86  stm32l0xx_ll_rcc.o(i.RCC_PLL_GetFreqDomain_SYS)
    RTC_IRQHandler                           0x08001ddd   Thumb Code    50  stm32l0xx_it.o(i.RTC_IRQHandler)
    RTC_getTimeDate                          0x08001e1d   Thumb Code   230  timers.o(i.RTC_getTimeDate)
    RTC_initAlarm                            0x08001f09   Thumb Code   140  timers.o(i.RTC_initAlarm)
    RTC_setTimeDate                          0x08001fa5   Thumb Code    24  timers.o(i.RTC_setTimeDate)
    SVC_Handler                              0x08001fc1   Thumb Code     2  stm32l0xx_it.o(i.SVC_Handler)
    SysTick_Handler                          0x08001fc3   Thumb Code     2  stm32l0xx_it.o(i.SysTick_Handler)
    SystemClock_Config                       0x08001fc5   Thumb Code   468  main.o(i.SystemClock_Config)
    SystemInit                               0x080021ad   Thumb Code    88  system_stm32l0xx.o(i.SystemInit)
    TIM2_delay                               0x08002215   Thumb Code    44  timers.o(i.TIM2_delay)
    TIM2_init                                0x08002241   Thumb Code    22  timers.o(i.TIM2_init)
    TIM2_initDelay_inline                    0x0800225d   Thumb Code    24  timers.o(i.TIM2_initDelay_inline)
    USART2_IRQHandler                        0x08002275   Thumb Code    36  stm32l0xx_it.o(i.USART2_IRQHandler)
    XB_ConfigureDevice                       0x080022a5   Thumb Code   368  xbee.o(i.XB_ConfigureDevice)
    XB_DisableXbee                           0x08002451   Thumb Code    14  xbee.o(i.XB_DisableXbee)
    XB_GetConfig                             0x08002465   Thumb Code   102  xbee.o(i.XB_GetConfig)
    XB_GetResponse                           0x080024e1   Thumb Code   146  xbee.o(i.XB_GetResponse)
    XB_GetSN                                 0x08002589   Thumb Code   102  xbee.o(i.XB_GetSN)
    XB_SendByte                              0x08002605   Thumb Code    28  xbee.o(i.XB_SendByte)
    XB_SendData                              0x08002625   Thumb Code    28  xbee.o(i.XB_SendData)
    __0sprintf$5                             0x08002641   Thumb Code    36  printf5.o(i.__0sprintf$5)
    __1sprintf$5                             0x08002641   Thumb Code     0  printf5.o(i.__0sprintf$5)
    __2sprintf                               0x08002641   Thumb Code     0  printf5.o(i.__0sprintf$5)
    __ARM_common_ll_muluu                    0x08002669   Thumb Code    48  stm32l0xx_ll_lpuart.o(i.__ARM_common_ll_muluu)
    __ARM_common_switch8                     0x08002699   Thumb Code    28  comport.o(i.__ARM_common_switch8)
    __scatterload_copy                       0x080026b5   Thumb Code    14  handlers.o(i.__scatterload_copy)
    __scatterload_null                       0x080026c3   Thumb Code     2  handlers.o(i.__scatterload_null)
    __scatterload_zeroinit                   0x080026c5   Thumb Code    14  handlers.o(i.__scatterload_zeroinit)
    main                                     0x080029bd   Thumb Code   208  main.o(i.main)
    scheduler                                0x08002a99   Thumb Code   264  scheduler.o(i.scheduler)
    AHBPrescTable                            0x08002bac   Data          16  system_stm32l0xx.o(.constdata)
    APBPrescTable                            0x08002bbc   Data           8  system_stm32l0xx.o(.constdata)
    PLLMulTable                              0x08002bc4   Data           9  system_stm32l0xx.o(.constdata)
    Region$$Table$$Base                      0x08002bd0   Number         0  anon$$obj.o(Region$$Table)
    Region$$Table$$Limit                     0x08002bf0   Number         0  anon$$obj.o(Region$$Table)
    checkSchedule                            0x20000000   Data           4  main.o(.data)
    GPS_active                               0x20000004   Data           4  main.o(.data)
    XB_VHF_active                            0x20000008   Data           4  main.o(.data)
    ComRxWriteIndex                          0x2000000c   Data           4  comport.o(.data)
    ComRxReadTo                              0x20000010   Data           4  comport.o(.data)
    ComRxReadFrom                            0x20000014   Data           4  comport.o(.data)
    XbeeRxWriteIndex                         0x20000018   Data           4  xbee.o(.data)
    XbeeRxReadTo                             0x2000001c   Data           4  xbee.o(.data)
    XbeeRxReadFrom                           0x20000020   Data           4  xbee.o(.data)
    XbeeRxBufferActive                       0x20000024   Data           4  xbee.o(.data)
    XbeeDongleConnected                      0x20000028   Data           4  xbee.o(.data)
    SystemCoreClock                          0x20000030   Data           4  system_stm32l0xx.o(.data)
    ComRxBuff                                0x20000038   Data          64  comport.o(.bss)
    XbeeRxBuff                               0x20000078   Data          64  xbee.o(.bss)
    __initial_sp                             0x200004b8   Data           0  startup_stm32l011xx.o(STACK)



==============================================================================

Memory Map of the image

  Image Entry point : 0x080000c1

  Load Region LR_IROM1 (Base: 0x08000000, Size: 0x00002c28, Max: 0x00004000, ABSOLUTE)

    Execution Region ER_IROM1 (Exec base: 0x08000000, Load base: 0x08000000, Size: 0x00002bf0, Max: 0x00004000, ABSOLUTE)

    Exec Addr    Load Addr    Size         Type   Attr      Idx    E Section Name        Object

    0x08000000   0x08000000   0x000000c0   Data   RO            3    RESET               startup_stm32l011xx.o
    0x080000c0   0x080000c0   0x00000000   Code   RO         1763  * .ARM.Collect$$$$00000000  mc_p.l(entry.o)
    0x080000c0   0x080000c0   0x00000004   Code   RO         2079    .ARM.Collect$$$$00000001  mc_p.l(entry2.o)
    0x080000c4   0x080000c4   0x00000004   Code   RO         2082    .ARM.Collect$$$$00000004  mc_p.l(entry5.o)
    0x080000c8   0x080000c8   0x00000000   Code   RO         2084    .ARM.Collect$$$$00000008  mc_p.l(entry7b.o)
    0x080000c8   0x080000c8   0x00000000   Code   RO         2086    .ARM.Collect$$$$0000000A  mc_p.l(entry8b.o)
    0x080000c8   0x080000c8   0x00000008   Code   RO         2087    .ARM.Collect$$$$0000000B  mc_p.l(entry9a.o)
    0x080000d0   0x080000d0   0x00000000   Code   RO         2089    .ARM.Collect$$$$0000000D  mc_p.l(entry10a.o)
    0x080000d0   0x080000d0   0x00000000   Code   RO         2091    .ARM.Collect$$$$0000000F  mc_p.l(entry11a.o)
    0x080000d0   0x080000d0   0x00000004   Code   RO         2080    .ARM.Collect$$$$00002712  mc_p.l(entry2.o)
    0x080000d4   0x080000d4   0x00000058   Code   RO            4    .text               startup_stm32l011xx.o
    0x0800012c   0x0800012c   0x0000002c   Code   RO         1766    .text               mc_p.l(uidiv.o)
    0x08000158   0x08000158   0x00000028   Code   RO         1768    .text               mc_p.l(idiv.o)
    0x08000180   0x08000180   0x00000060   Code   RO         1770    .text               mc_p.l(uldiv.o)
    0x080001e0   0x080001e0   0x00000024   Code   RO         1772    .text               mc_p.l(memcpya.o)
    0x08000204   0x08000204   0x00000024   Code   RO         1774    .text               mc_p.l(memseta.o)
    0x08000228   0x08000228   0x0000000e   Code   RO         1776    .text               mc_p.l(strlen.o)
    0x08000236   0x08000236   0x0000001c   Code   RO         1778    .text               mc_p.l(strcmp.o)
    0x08000252   0x08000252   0x00000002   PAD
    0x08000254   0x08000254   0x00000048   Code   RO         1780    .text               mc_p.l(strtok.o)
    0x0800029c   0x0800029c   0x00000016   Code   RO         2077    .text               mf_p.l(fflti.o)
    0x080002b2   0x080002b2   0x00000020   Code   RO         2096    .text               mc_p.l(llshl.o)
    0x080002d2   0x080002d2   0x00000022   Code   RO         2098    .text               mc_p.l(llushr.o)
    0x080002f4   0x080002f4   0x00000000   Code   RO         2102    .text               mc_p.l(iusefp.o)
    0x080002f4   0x080002f4   0x00000082   Code   RO         2103    .text               mf_p.l(fepilogue.o)
    0x08000376   0x08000376   0x00000002   PAD
    0x08000378   0x08000378   0x00000024   Code   RO         2115    .text               mc_p.l(init.o)
    0x0800039c   0x0800039c   0x00000084   Code   RO          511    i.CC_CheckForHandshake  comport.o
    0x08000420   0x08000420   0x00000004   Code   RO          512    i.CC_ComPortPresent  comport.o
    0x08000424   0x08000424   0x00000080   Code   RO          513    i.CC_ConfigureXbee  comport.o
    0x080004a4   0x080004a4   0x00000044   Code   RO          514    i.CC_ExecuteCommand  comport.o
    0x080004e8   0x080004e8   0x00000138   Code   RO          515    i.CC_ParseCommand   comport.o
    0x08000620   0x08000620   0x00000028   Code   RO          516    i.CC_ReadProgram    comport.o
    0x08000648   0x08000648   0x00000020   Code   RO          517    i.CC_SendByte       comport.o
    0x08000668   0x08000668   0x0000001c   Code   RO          518    i.CC_SendData       comport.o
    0x08000684   0x08000684   0x000000a8   Code   RO          519    i.CC_SendTimestamp  comport.o
    0x0800072c   0x0800072c   0x000000bc   Code   RO          520    i.CC_SetProgram     comport.o
    0x080007e8   0x080007e8   0x000001c4   Code   RO          521    i.CC_SetRTC         comport.o
    0x080009ac   0x080009ac   0x00000002   Code   RO           12    i.Error_Handler     main.o
    0x080009ae   0x080009ae   0x00000002   PAD
    0x080009b0   0x080009b0   0x00000020   Code   RO          655    i.FLASH_Lock        flash.o
    0x080009d0   0x080009d0   0x0000001c   Code   RO          656    i.FLASH_ReadData    flash.o
    0x080009ec   0x080009ec   0x0000002c   Code   RO          657    i.FLASH_Unlock      flash.o
    0x08000a18   0x08000a18   0x0000000a   Code   RO          658    i.FLASH_WriteByte   flash.o
    0x08000a22   0x08000a22   0x0000002c   Code   RO          659    i.FLASH_WriteData   flash.o
    0x08000a4e   0x08000a4e   0x00000002   Code   RO          661    i.FLASH_saveFix     flash.o
    0x08000a50   0x08000a50   0x00000014   Code   RO          837    i.GPS_GPSCSHigh     gps.o
    0x08000a64   0x08000a64   0x00000014   Code   RO          838    i.GPS_GPSCSLow      gps.o
    0x08000a78   0x08000a78   0x00000014   Code   RO          840    i.GPS_GPSEnable     gps.o
    0x08000a8c   0x08000a8c   0x00000058   Code   RO          845    i.GPS_UBX_enablePUBX_Position  gps.o
    0x08000ae4   0x08000ae4   0x00000200   Code   RO          848    i.GPS_getNMEA       gps.o
    0x08000ce4   0x08000ce4   0x0000007c   Code   RO          849    i.GPS_subroutine    gps.o
    0x08000d60   0x08000d60   0x00000004   Code   RO          374    i.HardFault_Handler  stm32l0xx_it.o
    0x08000d64   0x08000d64   0x0000001c   Code   RO           13    i.LL_APB1_GRP1_EnableClock  main.o
    0x08000d80   0x08000d80   0x0000001c   Code   RO           14    i.LL_APB2_GRP1_EnableClock  main.o
    0x08000d9c   0x08000d9c   0x00000010   Code   RO         1375    i.LL_EXTI_DisableEvent_0_31  stm32l0xx_ll_exti.o
    0x08000dac   0x08000dac   0x00000010   Code   RO         1376    i.LL_EXTI_DisableIT_0_31  stm32l0xx_ll_exti.o
    0x08000dbc   0x08000dbc   0x00000010   Code   RO         1377    i.LL_EXTI_EnableEvent_0_31  stm32l0xx_ll_exti.o
    0x08000dcc   0x08000dcc   0x00000010   Code   RO         1378    i.LL_EXTI_EnableFallingTrig_0_31  stm32l0xx_ll_exti.o
    0x08000ddc   0x08000ddc   0x00000010   Code   RO         1379    i.LL_EXTI_EnableIT_0_31  stm32l0xx_ll_exti.o
    0x08000dec   0x08000dec   0x00000010   Code   RO         1380    i.LL_EXTI_EnableRisingTrig_0_31  stm32l0xx_ll_exti.o
    0x08000dfc   0x08000dfc   0x000000bc   Code   RO         1381    i.LL_EXTI_Init      stm32l0xx_ll_exti.o
    0x08000eb8   0x08000eb8   0x000000fe   Code   RO         1047    i.LL_GPIO_Init      stm32l0xx_ll_gpio.o
    0x08000fb6   0x08000fb6   0x00000004   Code   RO           15    i.LL_GPIO_ResetOutputPin  main.o
    0x08000fba   0x08000fba   0x0000001a   Code   RO           16    i.LL_GPIO_SetPinMode  main.o
    0x08000fd4   0x08000fd4   0x0000001a   Code   RO           17    i.LL_GPIO_SetPinPull  main.o
    0x08000fee   0x08000fee   0x00000002   PAD
    0x08000ff0   0x08000ff0   0x0000001c   Code   RO           18    i.LL_IOP_GRP1_EnableClock  main.o
    0x0800100c   0x0800100c   0x00000028   Code   RO         1594    i.LL_Init1msTick    stm32l0xx_ll_utils.o
    0x08001034   0x08001034   0x0000009c   Code   RO         1696    i.LL_LPUART_Init    stm32l0xx_ll_lpuart.o
    0x080010d0   0x080010d0   0x00000014   Code   RO           19    i.LL_RCC_EnableRTC  main.o
    0x080010e4   0x080010e4   0x0000007c   Code   RO         1494    i.LL_RCC_GetLPUARTClockFreq  stm32l0xx_ll_rcc.o
    0x08001160   0x08001160   0x00000080   Code   RO         1496    i.LL_RCC_GetUSARTClockFreq  stm32l0xx_ll_rcc.o
    0x080011e0   0x080011e0   0x00000010   Code   RO         1497    i.LL_RCC_HSI_IsReady  stm32l0xx_ll_rcc.o
    0x080011f0   0x080011f0   0x00000010   Code   RO         1498    i.LL_RCC_IsActiveFlag_HSIDIV  stm32l0xx_ll_rcc.o
    0x08001200   0x08001200   0x00000014   Code   RO         1499    i.LL_RCC_LSE_IsReady  stm32l0xx_ll_rcc.o
    0x08001214   0x08001214   0x00000010   Code   RO         1500    i.LL_RCC_MSI_GetRange  stm32l0xx_ll_rcc.o
    0x08001224   0x08001224   0x00000044   Code   RO         1102    i.LL_RTC_DATE_Config  stm32l0xx_ll_rtc.o
    0x08001268   0x08001268   0x00000018   Code   RO          522    i.LL_RTC_DATE_GetDay  comport.o
    0x08001280   0x08001280   0x00000022   Code   RO          523    i.LL_RTC_DATE_GetMonth  comport.o
    0x080012a2   0x080012a2   0x0000000e   Code   RO          524    i.LL_RTC_DATE_GetWeekDay  comport.o
    0x080012b0   0x080012b0   0x00000022   Code   RO          525    i.LL_RTC_DATE_GetYear  comport.o
    0x080012d2   0x080012d2   0x00000002   PAD
    0x080012d4   0x080012d4   0x000000d4   Code   RO         1103    i.LL_RTC_DATE_Init  stm32l0xx_ll_rtc.o
    0x080013a8   0x080013a8   0x00000008   Code   RO         1106    i.LL_RTC_DisableInitMode  stm32l0xx_ll_rtc.o
    0x080013b0   0x080013b0   0x0000000a   Code   RO         1107    i.LL_RTC_DisableWriteProtection  stm32l0xx_ll_rtc.o
    0x080013ba   0x080013ba   0x00000006   Code   RO         1108    i.LL_RTC_EnableWriteProtection  stm32l0xx_ll_rtc.o
    0x080013c0   0x080013c0   0x00000054   Code   RO         1109    i.LL_RTC_EnterInitMode  stm32l0xx_ll_rtc.o
    0x08001414   0x08001414   0x0000000a   Code   RO         1111    i.LL_RTC_GetHourFormat  stm32l0xx_ll_rtc.o
    0x0800141e   0x0800141e   0x0000000c   Code   RO         1113    i.LL_RTC_IsActiveFlag_INIT  stm32l0xx_ll_rtc.o
    0x0800142a   0x0800142a   0x0000000c   Code   RO         1114    i.LL_RTC_IsActiveFlag_RS  stm32l0xx_ll_rtc.o
    0x08001436   0x08001436   0x0000000c   Code   RO         1115    i.LL_RTC_IsShadowRegBypassEnabled  stm32l0xx_ll_rtc.o
    0x08001442   0x08001442   0x00000002   PAD
    0x08001444   0x08001444   0x00000040   Code   RO         1117    i.LL_RTC_TIME_Config  stm32l0xx_ll_rtc.o
    0x08001484   0x08001484   0x00000022   Code   RO          526    i.LL_RTC_TIME_GetHour  comport.o
    0x080014a6   0x080014a6   0x00000022   Code   RO          527    i.LL_RTC_TIME_GetMinute  comport.o
    0x080014c8   0x080014c8   0x00000018   Code   RO          528    i.LL_RTC_TIME_GetSecond  comport.o
    0x080014e0   0x080014e0   0x000000e0   Code   RO         1118    i.LL_RTC_TIME_Init  stm32l0xx_ll_rtc.o
    0x080015c0   0x080015c0   0x00000090   Code   RO         1120    i.LL_RTC_WaitForSynchro  stm32l0xx_ll_rtc.o
    0x08001650   0x08001650   0x0000006c   Code   RO         1269    i.LL_SPI_Init       stm32l0xx_ll_spi.o
    0x080016bc   0x080016bc   0x00000008   Code   RO          850    i.LL_SPI_ReceiveData8  gps.o
    0x080016c4   0x080016c4   0x00000004   Code   RO          851    i.LL_SPI_TransmitData8  gps.o
    0x080016c8   0x080016c8   0x00000028   Code   RO           20    i.LL_SYSCFG_SetEXTISource  main.o
    0x080016f0   0x080016f0   0x00000014   Code   RO         1121    i.LL_SYSTICK_IsActiveCounterFlag  stm32l0xx_ll_rtc.o
    0x08001704   0x08001704   0x0000000c   Code   RO         1602    i.LL_SetSystemCoreClock  stm32l0xx_ll_utils.o
    0x08001710   0x08001710   0x0000000a   Code   RO           21    i.LL_USART_Enable   main.o
    0x0800171a   0x0800171a   0x00000002   PAD
    0x0800171c   0x0800171c   0x000000d0   Code   RO         1442    i.LL_USART_Init     stm32l0xx_ll_usart.o
    0x080017ec   0x080017ec   0x00000010   Code   RO         1443    i.LL_USART_IsEnabled  stm32l0xx_ll_usart.o
    0x080017fc   0x080017fc   0x0000003c   Code   RO          375    i.LPUART1_IRQHandler  stm32l0xx_it.o
    0x08001838   0x08001838   0x00000170   Code   RO           22    i.MX_GPIO_Init      main.o
    0x080019a8   0x080019a8   0x00000094   Code   RO           23    i.MX_LPUART1_UART_Init  main.o
    0x08001a3c   0x08001a3c   0x00000050   Code   RO           24    i.MX_RTC_Init       main.o
    0x08001a8c   0x08001a8c   0x000000d8   Code   RO           25    i.MX_SPI1_Init      main.o
    0x08001b64   0x08001b64   0x000000c0   Code   RO           26    i.MX_USART2_UART_Init  main.o
    0x08001c24   0x08001c24   0x00000002   Code   RO          376    i.NMI_Handler       stm32l0xx_it.o
    0x08001c26   0x08001c26   0x00000002   PAD
    0x08001c28   0x08001c28   0x00000014   Code   RO           27    i.NVIC_EnableIRQ    main.o
    0x08001c3c   0x08001c3c   0x00000078   Code   RO           28    i.NVIC_SetPriority  main.o
    0x08001cb4   0x08001cb4   0x00000002   Code   RO          377    i.PendSV_Handler    stm32l0xx_it.o
    0x08001cb6   0x08001cb6   0x00000002   PAD
    0x08001cb8   0x08001cb8   0x00000024   Code   RO         1501    i.RCC_GetHCLKClockFreq  stm32l0xx_ll_rcc.o
    0x08001cdc   0x08001cdc   0x00000024   Code   RO         1502    i.RCC_GetPCLK1ClockFreq  stm32l0xx_ll_rcc.o
    0x08001d00   0x08001d00   0x00000070   Code   RO         1504    i.RCC_GetSystemClockFreq  stm32l0xx_ll_rcc.o
    0x08001d70   0x08001d70   0x0000006c   Code   RO         1505    i.RCC_PLL_GetFreqDomain_SYS  stm32l0xx_ll_rcc.o
    0x08001ddc   0x08001ddc   0x00000040   Code   RO          378    i.RTC_IRQHandler    stm32l0xx_it.o
    0x08001e1c   0x08001e1c   0x000000ec   Code   RO          961    i.RTC_getTimeDate   timers.o
    0x08001f08   0x08001f08   0x0000009c   Code   RO          962    i.RTC_initAlarm     timers.o
    0x08001fa4   0x08001fa4   0x0000001c   Code   RO          963    i.RTC_setTimeDate   timers.o
    0x08001fc0   0x08001fc0   0x00000002   Code   RO          379    i.SVC_Handler       stm32l0xx_it.o
    0x08001fc2   0x08001fc2   0x00000002   Code   RO          380    i.SysTick_Handler   stm32l0xx_it.o
    0x08001fc4   0x08001fc4   0x000001e8   Code   RO           29    i.SystemClock_Config  main.o
    0x080021ac   0x080021ac   0x00000068   Code   RO         1733    i.SystemInit        system_stm32l0xx.o
    0x08002214   0x08002214   0x0000002c   Code   RO          964    i.TIM2_delay        timers.o
    0x08002240   0x08002240   0x0000001c   Code   RO          965    i.TIM2_init         timers.o
    0x0800225c   0x0800225c   0x00000018   Code   RO          966    i.TIM2_initDelay_inline  timers.o
    0x08002274   0x08002274   0x00000030   Code   RO          381    i.USART2_IRQHandler  stm32l0xx_it.o
    0x080022a4   0x080022a4   0x000001ac   Code   RO          733    i.XB_ConfigureDevice  xbee.o
    0x08002450   0x08002450   0x00000014   Code   RO          734    i.XB_DisableXbee    xbee.o
    0x08002464   0x08002464   0x0000007c   Code   RO          737    i.XB_GetConfig      xbee.o
    0x080024e0   0x080024e0   0x000000a8   Code   RO          738    i.XB_GetResponse    xbee.o
    0x08002588   0x08002588   0x0000007c   Code   RO          739    i.XB_GetSN          xbee.o
    0x08002604   0x08002604   0x00000020   Code   RO          741    i.XB_SendByte       xbee.o
    0x08002624   0x08002624   0x0000001c   Code   RO          742    i.XB_SendData       xbee.o
    0x08002640   0x08002640   0x00000028   Code   RO         1923    i.__0sprintf$5      mc_p.l(printf5.o)
    0x08002668   0x08002668   0x00000030   Code   RO         1722    i.__ARM_common_ll_muluu  stm32l0xx_ll_lpuart.o
    0x08002698   0x08002698   0x0000001c   Code   RO          626    i.__ARM_common_switch8  comport.o
    0x080026b4   0x080026b4   0x0000000e   Code   RO         2127    i.__scatterload_copy  mc_p.l(handlers.o)
    0x080026c2   0x080026c2   0x00000002   Code   RO         2128    i.__scatterload_null  mc_p.l(handlers.o)
    0x080026c4   0x080026c4   0x0000000e   Code   RO         2129    i.__scatterload_zeroinit  mc_p.l(handlers.o)
    0x080026d2   0x080026d2   0x00000002   PAD
    0x080026d4   0x080026d4   0x000002dc   Code   RO         1928    i._printf_core      mc_p.l(printf5.o)
    0x080029b0   0x080029b0   0x0000000a   Code   RO         1930    i._sputc            mc_p.l(printf5.o)
    0x080029ba   0x080029ba   0x00000002   PAD
    0x080029bc   0x080029bc   0x000000dc   Code   RO           30    i.main              main.o
    0x08002a98   0x08002a98   0x00000114   Code   RO         1022    i.scheduler         scheduler.o
    0x08002bac   0x08002bac   0x00000021   Data   RO         1734    .constdata          system_stm32l0xx.o
    0x08002bcd   0x08002bcd   0x00000003   PAD
    0x08002bd0   0x08002bd0   0x00000020   Data   RO         2125    Region$$Table       anon$$obj.o


    Execution Region RW_IRAM1 (Exec base: 0x20000000, Load base: 0x08002bf0, Size: 0x000004b8, Max: 0x00000800, ABSOLUTE)

    Exec Addr    Load Addr    Size         Type   Attr      Idx    E Section Name        Object

    0x20000000   0x08002bf0   0x0000000c   Data   RW           32    .data               main.o
    0x2000000c   0x08002bfc   0x0000000c   Data   RW          531    .data               comport.o
    0x20000018   0x08002c08   0x00000014   Data   RW          747    .data               xbee.o
    0x2000002c   0x08002c1c   0x00000002   Data   RW         1023    .data               scheduler.o
    0x2000002e   0x08002c1e   0x00000002   PAD
    0x20000030   0x08002c20   0x00000004   Data   RW         1735    .data               system_stm32l0xx.o
    0x20000034   0x08002c24   0x00000004   Data   RW         1781    .data               mc_p.l(strtok.o)
    0x20000038        -       0x00000040   Zero   RW          529    .bss                comport.o
    0x20000078        -       0x00000040   Zero   RW          745    .bss                xbee.o
    0x200000b8        -       0x00000400   Zero   RW            1    STACK               startup_stm32l011xx.o


==============================================================================

Image component sizes


      Code (inc. data)   RO Data    RW Data    ZI Data      Debug   Object Name

      1778        210          0         12         64      46646   comport.o
       160         16          0          0          0       3829   flash.o
       796         46          0          0          0      10068   gps.o
      2064         96          0         12          0     311917   main.o
       276         12          0          2          0        928   scheduler.o
        88         38        192          0       1024        612   startup_stm32l011xx.o
       184         44          0          0          0      21893   stm32l0xx_it.o
       284         28          0          0          0       7163   stm32l0xx_ll_exti.o
       254          0          0          0          0       7031   stm32l0xx_ll_gpio.o
       204         10          0          0          0      14653   stm32l0xx_ll_lpuart.o
       612        102          0          0          0      18639   stm32l0xx_ll_rcc.o
       886         24          0          0          0      30629   stm32l0xx_ll_rtc.o
       108          6          0          0          0       8642   stm32l0xx_ll_spi.o
       224         14          0          0          0      21848   stm32l0xx_ll_usart.o
        52         12          0          0          0       2169   stm32l0xx_ll_utils.o
       104         16         33          4          0       1103   system_stm32l0xx.o
       516         32          0          0          0      22573   timers.o
       924        136          0         20         64      16654   xbee.o

    ----------------------------------------------------------------------
      9528        842        260         52       1152     546997   Object Totals
         0          0         32          0          0          0   (incl. Generated)
        14          0          3          2          0          0   (incl. Padding)

    ----------------------------------------------------------------------

      Code (inc. data)   RO Data    RW Data    ZI Data      Debug   Library Member Name

         0          0          0          0          0          0   entry.o
         0          0          0          0          0          0   entry10a.o
         0          0          0          0          0          0   entry11a.o
         8          4          0          0          0          0   entry2.o
         4          0          0          0          0          0   entry5.o
         0          0          0          0          0          0   entry7b.o
         0          0          0          0          0          0   entry8b.o
         8          4          0          0          0          0   entry9a.o
        30          0          0          0          0          0   handlers.o
        40          0          0          0          0         72   idiv.o
        36          8          0          0          0         68   init.o
         0          0          0          0          0          0   iusefp.o
        32          0          0          0          0         68   llshl.o
        34          0          0          0          0         68   llushr.o
        36          0          0          0          0         60   memcpya.o
        36          0          0          0          0        100   memseta.o
       782         48          0          0          0        228   printf5.o
        28          0          0          0          0         68   strcmp.o
        14          0          0          0          0         60   strlen.o
        72          4          0          4          0         72   strtok.o
        44          0          0          0          0         72   uidiv.o
        96          0          0          0          0         84   uldiv.o
       130          0          0          0          0        144   fepilogue.o
        22          0          0          0          0         68   fflti.o

    ----------------------------------------------------------------------
      1460         68          0          4          0       1232   Library Totals
         8          0          0          0          0          0   (incl. Padding)

    ----------------------------------------------------------------------

      Code (inc. data)   RO Data    RW Data    ZI Data      Debug   Library Name

      1300         68          0          4          0       1020   mc_p.l
       152          0          0          0          0        212   mf_p.l

    ----------------------------------------------------------------------
      1460         68          0          4          0       1232   Library Totals

    ----------------------------------------------------------------------

==============================================================================


      Code (inc. data)   RO Data    RW Data    ZI Data      Debug   

     10988        910        260         56       1152     543013   Grand Totals
     10988        910        260         56       1152     543013   ELF Image Totals
     10988        910        260         56          0          0   ROM Totals

==============================================================================

    Total RO  Size (Code + RO Data)                11248 (  10.98kB)
    Total RW  Size (RW Data + ZI Data)              1208 (   1.18kB)
    Total ROM Size (Code + RO Data + RW Data)      11304 (  11.04kB)

==============================================================================

