<html>
<body>
<pre>
<h1>µVision Build Log</h1>
<h2>Tool Versions:</h2>
IDE-Version: µVision V5.27.1.0
Copyright (C) 2019 ARM Ltd and ARM Germany GmbH. All rights reserved.
License Information: Collin Maker, Grand Valley State University, LIC=----
 
Tool Versions:
Toolchain:       MDK-Lite  Version: 5.27.1.0
Toolchain Path:  C:\Keil_v5\ARM\ARMCC\Bin
C Compiler:      Armcc.exe V5.06 update 6 (build 750)
Assembler:       Armasm.exe V5.06 update 6 (build 750)
Linker/Locator:  ArmLink.exe V5.06 update 6 (build 750)
Library Manager: ArmAr.exe V5.06 update 6 (build 750)
Hex Converter:   FromElf.exe V5.06 update 6 (build 750)
CPU DLL:         SARMCM3.DLL V5.27.1.0
Dialog DLL:      DARMCM1.DLL V1.19.2.0
Target DLL:      STLink\ST-LINKIII-KEIL_SWO.dll V3.0.6.0
Dialog DLL:      TARMCM1.DLL V1.14.1.0
 
<h2>Project:</h2>
E:\altium-senior-project\µVision\MDK-ARM\senior-project.uvprojx
Project File Date:  07/02/2019

<h2>Output:</h2>
*** Using Compiler 'V5.06 update 6 (build 750)', folder: 'C:\Keil_v5\ARM\ARMCC\Bin'
Rebuild target 'CubeMX'
assembling startup_stm32l011xx.s...
compiling commPeriph.c...
compiling stm32l0xx_ll_gpio.c...
compiling stm32l0xx_ll_spi.c...
compiling stm32l0xx_it.c...
..\MDK-ARM\globals.h(39): warning:  #1-D: last line of file ends without a newline
  #endif //GLOBALS_H_
..\MDK-ARM\comport.h(34): warning:  #1295-D: Deprecated declaration CC_ComPortPresent - give arg types
  int CC_ComPortPresent();
..\MDK-ARM\comport.h(37): warning:  #1295-D: Deprecated declaration CC_CheckForHandshake - give arg types
  int CC_CheckForHandshake();
..\MDK-ARM\comport.h(38): warning:  #1295-D: Deprecated declaration CC_ParseCommand - give arg types
  int CC_ParseCommand();
..\MDK-ARM\comport.h(40): warning:  #1295-D: Deprecated declaration CC_SetRTC - give arg types
  int CC_SetRTC();
..\MDK-ARM\comport.h(41): warning:  #1295-D: Deprecated declaration CC_SendTimestamp - give arg types
  int CC_SendTimestamp();
..\MDK-ARM\comport.h(42): warning:  #1295-D: Deprecated declaration CC_SetProgram - give arg types
  int CC_SetProgram();
..\MDK-ARM\comport.h(43): warning:  #1295-D: Deprecated declaration CC_ReadProgram - give arg types
  int CC_ReadProgram();
..\MDK-ARM\comport.h(44): warning:  #1295-D: Deprecated declaration CC_ConfigureXbee - give arg types
  int CC_ConfigureXbee();
..\MDK-ARM\comport.h(48): warning:  #1-D: last line of file ends without a newline
  #endif //COMPORT_H_
..\MDK-ARM\xbee.h(38): warning:  #1295-D: Deprecated declaration XB_GetConfig - give arg types
  int XB_GetConfig();
..\MDK-ARM\xbee.h(39): warning:  #1295-D: Deprecated declaration XB_GetSN - give arg types
  int XB_GetSN();
..\MDK-ARM\xbee.h(41): warning:  #1-D: last line of file ends without a newline
  #endif //XBEE_H_
../Src/stm32l0xx_it.c: 13 warnings, 0 errors
compiling flash.c...
comport.h(34): warning:  #1295-D: Deprecated declaration CC_ComPortPresent - give arg types
  int CC_ComPortPresent();
comport.h(37): warning:  #1295-D: Deprecated declaration CC_CheckForHandshake - give arg types
  int CC_CheckForHandshake();
comport.h(38): warning:  #1295-D: Deprecated declaration CC_ParseCommand - give arg types
  int CC_ParseCommand();
comport.h(40): warning:  #1295-D: Deprecated declaration CC_SetRTC - give arg types
  int CC_SetRTC();
comport.h(41): warning:  #1295-D: Deprecated declaration CC_SendTimestamp - give arg types
  int CC_SendTimestamp();
comport.h(42): warning:  #1295-D: Deprecated declaration CC_SetProgram - give arg types
  int CC_SetProgram();
comport.h(43): warning:  #1295-D: Deprecated declaration CC_ReadProgram - give arg types
  int CC_ReadProgram();
comport.h(44): warning:  #1295-D: Deprecated declaration CC_ConfigureXbee - give arg types
  int CC_ConfigureXbee();
comport.h(48): warning:  #1-D: last line of file ends without a newline
  #endif //COMPORT_H_
globals.h(39): warning:  #1-D: last line of file ends without a newline
  #endif //GLOBALS_H_
flash.h(16): warning:  #1295-D: Deprecated declaration FLASH_Unlock - give arg types
  int FLASH_Unlock();
flash.h(17): warning:  #1295-D: Deprecated declaration FLASH_Lock - give arg types
  int FLASH_Lock();
flash.h(23): warning:  #1-D: last line of file ends without a newline
  #endif //FLASH_H_
flash.c(39): warning:  #940-D: missing return statement at end of non-void function "FLASH_Lock" 
  }
flash.c(82): warning:  #1-D: last line of file ends without a newline
  //---------------------------------------------------
flash.c: 15 warnings, 0 errors
compiling xbee.c...
comport.h(34): warning:  #1295-D: Deprecated declaration CC_ComPortPresent - give arg types
  int CC_ComPortPresent();
comport.h(37): warning:  #1295-D: Deprecated declaration CC_CheckForHandshake - give arg types
  int CC_CheckForHandshake();
comport.h(38): warning:  #1295-D: Deprecated declaration CC_ParseCommand - give arg types
  int CC_ParseCommand();
comport.h(40): warning:  #1295-D: Deprecated declaration CC_SetRTC - give arg types
  int CC_SetRTC();
comport.h(41): warning:  #1295-D: Deprecated declaration CC_SendTimestamp - give arg types
  int CC_SendTimestamp();
comport.h(42): warning:  #1295-D: Deprecated declaration CC_SetProgram - give arg types
  int CC_SetProgram();
comport.h(43): warning:  #1295-D: Deprecated declaration CC_ReadProgram - give arg types
  int CC_ReadProgram();
comport.h(44): warning:  #1295-D: Deprecated declaration CC_ConfigureXbee - give arg types
  int CC_ConfigureXbee();
comport.h(48): warning:  #1-D: last line of file ends without a newline
  #endif //COMPORT_H_
globals.h(39): warning:  #1-D: last line of file ends without a newline
  #endif //GLOBALS_H_
flash.h(16): warning:  #1295-D: Deprecated declaration FLASH_Unlock - give arg types
  int FLASH_Unlock();
flash.h(17): warning:  #1295-D: Deprecated declaration FLASH_Lock - give arg types
  int FLASH_Lock();
flash.h(23): warning:  #1-D: last line of file ends without a newline
  #endif //FLASH_H_
xbee.h(38): warning:  #1295-D: Deprecated declaration XB_GetConfig - give arg types
  int XB_GetConfig();
xbee.h(39): warning:  #1295-D: Deprecated declaration XB_GetSN - give arg types
  int XB_GetSN();
xbee.h(41): warning:  #1-D: last line of file ends without a newline
  #endif //XBEE_H_
xbee.c(68): warning:  #177-D: variable "i"  was declared but never referenced
  	int i, temp;
xbee.c(209): warning:  #1-D: last line of file ends without a newline
  //---------------------------------------------------
xbee.c: 18 warnings, 0 errors
compiling stm32l0xx_ll_rtc.c...
compiling main.c...
..\MDK-ARM\comport.h(34): warning:  #1295-D: Deprecated declaration CC_ComPortPresent - give arg types
  int CC_ComPortPresent();
..\MDK-ARM\comport.h(37): warning:  #1295-D: Deprecated declaration CC_CheckForHandshake - give arg types
  int CC_CheckForHandshake();
..\MDK-ARM\comport.h(38): warning:  #1295-D: Deprecated declaration CC_ParseCommand - give arg types
  int CC_ParseCommand();
..\MDK-ARM\comport.h(40): warning:  #1295-D: Deprecated declaration CC_SetRTC - give arg types
  int CC_SetRTC();
..\MDK-ARM\comport.h(41): warning:  #1295-D: Deprecated declaration CC_SendTimestamp - give arg types
  int CC_SendTimestamp();
..\MDK-ARM\comport.h(42): warning:  #1295-D: Deprecated declaration CC_SetProgram - give arg types
  int CC_SetProgram();
..\MDK-ARM\comport.h(43): warning:  #1295-D: Deprecated declaration CC_ReadProgram - give arg types
  int CC_ReadProgram();
..\MDK-ARM\comport.h(44): warning:  #1295-D: Deprecated declaration CC_ConfigureXbee - give arg types
  int CC_ConfigureXbee();
..\MDK-ARM\comport.h(48): warning:  #1-D: last line of file ends without a newline
  #endif //COMPORT_H_
..\MDK-ARM\globals.h(39): warning:  #1-D: last line of file ends without a newline
  #endif //GLOBALS_H_
..\MDK-ARM\flash.h(16): warning:  #1295-D: Deprecated declaration FLASH_Unlock - give arg types
  int FLASH_Unlock();
..\MDK-ARM\flash.h(17): warning:  #1295-D: Deprecated declaration FLASH_Lock - give arg types
  int FLASH_Lock();
..\MDK-ARM\flash.h(23): warning:  #1-D: last line of file ends without a newline
  #endif //FLASH_H_
../Src/main.c(342): warning:  #550-D: variable "RTC_InitStruct"  was set but never used
    LL_RTC_InitTypeDef RTC_InitStruct = {0};
../Src/main.c: 14 warnings, 0 errors
compiling comport.c...
comport.h(34): warning:  #1295-D: Deprecated declaration CC_ComPortPresent - give arg types
  int CC_ComPortPresent();
comport.h(37): warning:  #1295-D: Deprecated declaration CC_CheckForHandshake - give arg types
  int CC_CheckForHandshake();
comport.h(38): warning:  #1295-D: Deprecated declaration CC_ParseCommand - give arg types
  int CC_ParseCommand();
comport.h(40): warning:  #1295-D: Deprecated declaration CC_SetRTC - give arg types
  int CC_SetRTC();
comport.h(41): warning:  #1295-D: Deprecated declaration CC_SendTimestamp - give arg types
  int CC_SendTimestamp();
comport.h(42): warning:  #1295-D: Deprecated declaration CC_SetProgram - give arg types
  int CC_SetProgram();
comport.h(43): warning:  #1295-D: Deprecated declaration CC_ReadProgram - give arg types
  int CC_ReadProgram();
comport.h(44): warning:  #1295-D: Deprecated declaration CC_ConfigureXbee - give arg types
  int CC_ConfigureXbee();
comport.h(48): warning:  #1-D: last line of file ends without a newline
  #endif //COMPORT_H_
globals.h(39): warning:  #1-D: last line of file ends without a newline
  #endif //GLOBALS_H_
flash.h(16): warning:  #1295-D: Deprecated declaration FLASH_Unlock - give arg types
  int FLASH_Unlock();
flash.h(17): warning:  #1295-D: Deprecated declaration FLASH_Lock - give arg types
  int FLASH_Lock();
flash.h(23): warning:  #1-D: last line of file ends without a newline
  #endif //FLASH_H_
xbee.h(38): warning:  #1295-D: Deprecated declaration XB_GetConfig - give arg types
  int XB_GetConfig();
xbee.h(39): warning:  #1295-D: Deprecated declaration XB_GetSN - give arg types
  int XB_GetSN();
xbee.h(41): warning:  #1-D: last line of file ends without a newline
  #endif //XBEE_H_
comport.c(129): warning:  #111-D: statement is unreachable
  			break;
comport.c(132): warning:  #111-D: statement is unreachable
  			break;
comport.c(135): warning:  #111-D: statement is unreachable
  			break;
comport.c(138): warning:  #111-D: statement is unreachable
  			break;
comport.c(141): warning:  #111-D: statement is unreachable
  			break;
comport.c(144): warning:  #111-D: statement is unreachable
  			break;
comport.c(147): warning:  #111-D: statement is unreachable
  			break;
comport.c(151): warning:  #111-D: statement is unreachable
  			break;
comport.c(214): warning:  #223-D: function "sprintf" declared implicitly
  	sprintf(time, "%x%x%x%x%x%x%x", currtime.Seconds,
comport.c(245): warning:  #223-D: function "sprintf" declared implicitly
  	sprintf(time, "%x%x%x%x%x%x%x", currtime.Seconds,
comport.c(229): warning:  #177-D: variable "i"  was declared but never referenced
  	int i;
comport.c(292): warning:  #177-D: variable "i"  was declared but never referenced
  	int i;
comport.c(326): warning:  #1-D: last line of file ends without a newline
  }
comport.c(305): warning:  #177-D: variable "ret"  was declared but never referenced
  	int i, ret;	
comport.c: 30 warnings, 0 errors
compiling stm32l0xx_ll_dma.c...
compiling stm32l0xx_ll_pwr.c...
compiling stm32l0xx_ll_exti.c...
compiling stm32l0xx_ll_rcc.c...
compiling stm32l0xx_ll_usart.c...
compiling system_stm32l0xx.c...
compiling stm32l0xx_ll_utils.c...
compiling stm32l0xx_ll_lpuart.c...
linking...
Program Size: Code=8980 RO-data=260 RW-data=28 ZI-data=1156  
FromELF: creating hex file...
".\CubeMX\senior-project.axf" - 0 Error(s), 90 Warning(s).

<h2>Software Packages used:</h2>

Package Vendor: ARM
                http://www.keil.com/pack/ARM.CMSIS.5.5.1.pack
                ARM.CMSIS.5.5.1
                CMSIS (Cortex Microcontroller Software Interface Standard)
   * Component: CORE Version: 5.2.0

Package Vendor: Keil
                http://www.keil.com/pack/Keil.STM32L0xx_DFP.2.0.1.pack
                Keil.STM32L0xx_DFP.2.0.1
                STMicroelectronics STM32L0 Series Device Support, Drivers and Examples

<h2>Collection of Component include folders:</h2>
  .\RTE\_CubeMX
  C:\Users\colli\AppData\Local\Arm\Packs\ARM\CMSIS\5.5.1\CMSIS\Core\Include
  C:\Users\colli\AppData\Local\Arm\Packs\Keil\STM32L0xx_DFP\2.0.1\Drivers\CMSIS\Device\ST\STM32L0xx\Include

<h2>Collection of Component Files used:</h2>

   * Component: ARM::CMSIS:CORE:5.2.0
Build Time Elapsed:  00:00:02
</pre>
</body>
</html>
